ARM GAS  C:\Users\MARLOK~1\AppData\Local\Temp\ccEjZZ6I.s 			page 1


   1              		.syntax unified
   2              		.cpu cortex-m0
   3              		.fpu softvfp
   4              		.eabi_attribute 20, 1
   5              		.eabi_attribute 21, 1
   6              		.eabi_attribute 23, 3
   7              		.eabi_attribute 24, 1
   8              		.eabi_attribute 25, 1
   9              		.eabi_attribute 26, 1
  10              		.eabi_attribute 30, 6
  11              		.eabi_attribute 34, 0
  12              		.eabi_attribute 18, 4
  13              		.thumb
  14              		.syntax unified
  15              		.file	"cyfitter_cfg.c"
  16              		.text
  17              	.Ltext0:
  18              		.cfi_sections	.debug_frame
  19              		.section	.text.CYMEMZERO,"ax",%progbits
  20              		.align	2
  21              		.code	16
  22              		.thumb_func
  23              		.type	CYMEMZERO, %function
  24              	CYMEMZERO:
  25              	.LFB1:
  26              		.file 1 "Generated_Source\\PSoC4\\cyfitter_cfg.c"
   1:Generated_Source\PSoC4/cyfitter_cfg.c **** 
   2:Generated_Source\PSoC4/cyfitter_cfg.c **** /*******************************************************************************
   3:Generated_Source\PSoC4/cyfitter_cfg.c **** * File Name: cyfitter_cfg.c
   4:Generated_Source\PSoC4/cyfitter_cfg.c **** * 
   5:Generated_Source\PSoC4/cyfitter_cfg.c **** * PSoC Creator  4.2
   6:Generated_Source\PSoC4/cyfitter_cfg.c **** *
   7:Generated_Source\PSoC4/cyfitter_cfg.c **** * Description:
   8:Generated_Source\PSoC4/cyfitter_cfg.c **** * This file contains device initialization code.
   9:Generated_Source\PSoC4/cyfitter_cfg.c **** * Except for the user defined sections in CyClockStartupError(), this file should not be modified.
  10:Generated_Source\PSoC4/cyfitter_cfg.c **** * This file is automatically generated by PSoC Creator.
  11:Generated_Source\PSoC4/cyfitter_cfg.c **** *
  12:Generated_Source\PSoC4/cyfitter_cfg.c **** ********************************************************************************
  13:Generated_Source\PSoC4/cyfitter_cfg.c **** * Copyright (c) 2007-2018 Cypress Semiconductor.  All rights reserved.
  14:Generated_Source\PSoC4/cyfitter_cfg.c **** * You may use this file only in accordance with the license, terms, conditions, 
  15:Generated_Source\PSoC4/cyfitter_cfg.c **** * disclaimers, and limitations in the end user license agreement accompanying 
  16:Generated_Source\PSoC4/cyfitter_cfg.c **** * the software package with which this file was provided.
  17:Generated_Source\PSoC4/cyfitter_cfg.c **** ********************************************************************************/
  18:Generated_Source\PSoC4/cyfitter_cfg.c **** 
  19:Generated_Source\PSoC4/cyfitter_cfg.c **** #include <string.h>
  20:Generated_Source\PSoC4/cyfitter_cfg.c **** #include "cytypes.h"
  21:Generated_Source\PSoC4/cyfitter_cfg.c **** #include "cydevice_trm.h"
  22:Generated_Source\PSoC4/cyfitter_cfg.c **** #include "cyfitter.h"
  23:Generated_Source\PSoC4/cyfitter_cfg.c **** #include "CyLib.h"
  24:Generated_Source\PSoC4/cyfitter_cfg.c **** #include "CyLFClk.h"
  25:Generated_Source\PSoC4/cyfitter_cfg.c **** #include "cyfitter_cfg.h"
  26:Generated_Source\PSoC4/cyfitter_cfg.c **** 
  27:Generated_Source\PSoC4/cyfitter_cfg.c **** 
  28:Generated_Source\PSoC4/cyfitter_cfg.c **** #if defined(__GNUC__) || defined(__ARMCC_VERSION)
  29:Generated_Source\PSoC4/cyfitter_cfg.c ****     #define CYPACKED 
  30:Generated_Source\PSoC4/cyfitter_cfg.c ****     #define CYPACKED_ATTR __attribute__ ((packed))
  31:Generated_Source\PSoC4/cyfitter_cfg.c ****     #define CYALIGNED __attribute__ ((aligned))
ARM GAS  C:\Users\MARLOK~1\AppData\Local\Temp\ccEjZZ6I.s 			page 2


  32:Generated_Source\PSoC4/cyfitter_cfg.c ****     #define CY_CFG_UNUSED __attribute__ ((unused))
  33:Generated_Source\PSoC4/cyfitter_cfg.c ****     #ifndef CY_CFG_SECTION
  34:Generated_Source\PSoC4/cyfitter_cfg.c ****         #define CY_CFG_SECTION __attribute__ ((section(".psocinit")))
  35:Generated_Source\PSoC4/cyfitter_cfg.c ****     #endif
  36:Generated_Source\PSoC4/cyfitter_cfg.c ****     
  37:Generated_Source\PSoC4/cyfitter_cfg.c ****     #if defined(__ARMCC_VERSION)
  38:Generated_Source\PSoC4/cyfitter_cfg.c ****         #define CY_CFG_MEMORY_BARRIER() __memory_changed()
  39:Generated_Source\PSoC4/cyfitter_cfg.c ****     #else
  40:Generated_Source\PSoC4/cyfitter_cfg.c ****         #define CY_CFG_MEMORY_BARRIER() __sync_synchronize()
  41:Generated_Source\PSoC4/cyfitter_cfg.c ****     #endif
  42:Generated_Source\PSoC4/cyfitter_cfg.c ****     
  43:Generated_Source\PSoC4/cyfitter_cfg.c **** #elif defined(__ICCARM__)
  44:Generated_Source\PSoC4/cyfitter_cfg.c ****     #include <intrinsics.h>
  45:Generated_Source\PSoC4/cyfitter_cfg.c **** 
  46:Generated_Source\PSoC4/cyfitter_cfg.c ****     #define CYPACKED __packed
  47:Generated_Source\PSoC4/cyfitter_cfg.c ****     #define CYPACKED_ATTR 
  48:Generated_Source\PSoC4/cyfitter_cfg.c ****     #define CYALIGNED _Pragma("data_alignment=4")
  49:Generated_Source\PSoC4/cyfitter_cfg.c ****     #define CY_CFG_UNUSED _Pragma("diag_suppress=Pe177")
  50:Generated_Source\PSoC4/cyfitter_cfg.c ****     #define CY_CFG_SECTION _Pragma("location=\".psocinit\"")
  51:Generated_Source\PSoC4/cyfitter_cfg.c ****     
  52:Generated_Source\PSoC4/cyfitter_cfg.c ****     #define CY_CFG_MEMORY_BARRIER() __DMB()
  53:Generated_Source\PSoC4/cyfitter_cfg.c ****     
  54:Generated_Source\PSoC4/cyfitter_cfg.c **** #else
  55:Generated_Source\PSoC4/cyfitter_cfg.c ****     #error Unsupported toolchain
  56:Generated_Source\PSoC4/cyfitter_cfg.c **** #endif
  57:Generated_Source\PSoC4/cyfitter_cfg.c **** 
  58:Generated_Source\PSoC4/cyfitter_cfg.c **** #ifndef CYCODE
  59:Generated_Source\PSoC4/cyfitter_cfg.c ****     #define CYCODE
  60:Generated_Source\PSoC4/cyfitter_cfg.c **** #endif
  61:Generated_Source\PSoC4/cyfitter_cfg.c **** #ifndef CYDATA
  62:Generated_Source\PSoC4/cyfitter_cfg.c ****     #define CYDATA
  63:Generated_Source\PSoC4/cyfitter_cfg.c **** #endif
  64:Generated_Source\PSoC4/cyfitter_cfg.c **** #ifndef CYFAR
  65:Generated_Source\PSoC4/cyfitter_cfg.c ****     #define CYFAR
  66:Generated_Source\PSoC4/cyfitter_cfg.c **** #endif
  67:Generated_Source\PSoC4/cyfitter_cfg.c **** #ifndef CYXDATA
  68:Generated_Source\PSoC4/cyfitter_cfg.c ****     #define CYXDATA
  69:Generated_Source\PSoC4/cyfitter_cfg.c **** #endif
  70:Generated_Source\PSoC4/cyfitter_cfg.c **** 
  71:Generated_Source\PSoC4/cyfitter_cfg.c **** 
  72:Generated_Source\PSoC4/cyfitter_cfg.c **** CY_CFG_UNUSED
  73:Generated_Source\PSoC4/cyfitter_cfg.c **** static void CYMEMZERO(void *s, size_t n);
  74:Generated_Source\PSoC4/cyfitter_cfg.c **** CY_CFG_UNUSED
  75:Generated_Source\PSoC4/cyfitter_cfg.c **** static void CYMEMZERO(void *s, size_t n)
  76:Generated_Source\PSoC4/cyfitter_cfg.c **** {
  27              		.loc 1 76 0
  28              		.cfi_startproc
  29              		@ args = 0, pretend = 0, frame = 8
  30              		@ frame_needed = 1, uses_anonymous_args = 0
  31 0000 80B5     		push	{r7, lr}
  32              		.cfi_def_cfa_offset 8
  33              		.cfi_offset 7, -8
  34              		.cfi_offset 14, -4
  35 0002 82B0     		sub	sp, sp, #8
  36              		.cfi_def_cfa_offset 16
  37 0004 00AF     		add	r7, sp, #0
  38              		.cfi_def_cfa_register 7
ARM GAS  C:\Users\MARLOK~1\AppData\Local\Temp\ccEjZZ6I.s 			page 3


  39 0006 7860     		str	r0, [r7, #4]
  40 0008 3960     		str	r1, [r7]
  77:Generated_Source\PSoC4/cyfitter_cfg.c **** 	(void)memset(s, 0, n);
  41              		.loc 1 77 0
  42 000a 3A68     		ldr	r2, [r7]
  43 000c 7B68     		ldr	r3, [r7, #4]
  44 000e 0021     		movs	r1, #0
  45 0010 1800     		movs	r0, r3
  46 0012 FFF7FEFF 		bl	memset
  78:Generated_Source\PSoC4/cyfitter_cfg.c **** }
  47              		.loc 1 78 0
  48 0016 C046     		nop
  49 0018 BD46     		mov	sp, r7
  50 001a 02B0     		add	sp, sp, #8
  51              		@ sp needed
  52 001c 80BD     		pop	{r7, pc}
  53              		.cfi_endproc
  54              	.LFE1:
  55              		.size	CYMEMZERO, .-CYMEMZERO
  56 001e C046     		.section	.text.CYCONFIGCPY,"ax",%progbits
  57              		.align	2
  58              		.code	16
  59              		.thumb_func
  60              		.type	CYCONFIGCPY, %function
  61              	CYCONFIGCPY:
  62              	.LFB2:
  79:Generated_Source\PSoC4/cyfitter_cfg.c **** CY_CFG_UNUSED
  80:Generated_Source\PSoC4/cyfitter_cfg.c **** static void CYCONFIGCPY(void *dest, const void *src, size_t n);
  81:Generated_Source\PSoC4/cyfitter_cfg.c **** CY_CFG_UNUSED
  82:Generated_Source\PSoC4/cyfitter_cfg.c **** static void CYCONFIGCPY(void *dest, const void *src, size_t n)
  83:Generated_Source\PSoC4/cyfitter_cfg.c **** {
  63              		.loc 1 83 0
  64              		.cfi_startproc
  65              		@ args = 0, pretend = 0, frame = 16
  66              		@ frame_needed = 1, uses_anonymous_args = 0
  67 0000 80B5     		push	{r7, lr}
  68              		.cfi_def_cfa_offset 8
  69              		.cfi_offset 7, -8
  70              		.cfi_offset 14, -4
  71 0002 84B0     		sub	sp, sp, #16
  72              		.cfi_def_cfa_offset 24
  73 0004 00AF     		add	r7, sp, #0
  74              		.cfi_def_cfa_register 7
  75 0006 F860     		str	r0, [r7, #12]
  76 0008 B960     		str	r1, [r7, #8]
  77 000a 7A60     		str	r2, [r7, #4]
  84:Generated_Source\PSoC4/cyfitter_cfg.c **** 	(void)memcpy(dest, src, n);
  78              		.loc 1 84 0
  79 000c 7A68     		ldr	r2, [r7, #4]
  80 000e B968     		ldr	r1, [r7, #8]
  81 0010 FB68     		ldr	r3, [r7, #12]
  82 0012 1800     		movs	r0, r3
  83 0014 FFF7FEFF 		bl	memcpy
  85:Generated_Source\PSoC4/cyfitter_cfg.c **** }
  84              		.loc 1 85 0
  85 0018 C046     		nop
  86 001a BD46     		mov	sp, r7
ARM GAS  C:\Users\MARLOK~1\AppData\Local\Temp\ccEjZZ6I.s 			page 4


  87 001c 04B0     		add	sp, sp, #16
  88              		@ sp needed
  89 001e 80BD     		pop	{r7, pc}
  90              		.cfi_endproc
  91              	.LFE2:
  92              		.size	CYCONFIGCPY, .-CYCONFIGCPY
  93              		.section	.text.CYCONFIGCPYCODE,"ax",%progbits
  94              		.align	2
  95              		.code	16
  96              		.thumb_func
  97              		.type	CYCONFIGCPYCODE, %function
  98              	CYCONFIGCPYCODE:
  99              	.LFB3:
  86:Generated_Source\PSoC4/cyfitter_cfg.c **** CY_CFG_UNUSED
  87:Generated_Source\PSoC4/cyfitter_cfg.c **** static void CYCONFIGCPYCODE(void *dest, const void *src, size_t n);
  88:Generated_Source\PSoC4/cyfitter_cfg.c **** CY_CFG_UNUSED
  89:Generated_Source\PSoC4/cyfitter_cfg.c **** static void CYCONFIGCPYCODE(void *dest, const void *src, size_t n)
  90:Generated_Source\PSoC4/cyfitter_cfg.c **** {
 100              		.loc 1 90 0
 101              		.cfi_startproc
 102              		@ args = 0, pretend = 0, frame = 16
 103              		@ frame_needed = 1, uses_anonymous_args = 0
 104 0000 80B5     		push	{r7, lr}
 105              		.cfi_def_cfa_offset 8
 106              		.cfi_offset 7, -8
 107              		.cfi_offset 14, -4
 108 0002 84B0     		sub	sp, sp, #16
 109              		.cfi_def_cfa_offset 24
 110 0004 00AF     		add	r7, sp, #0
 111              		.cfi_def_cfa_register 7
 112 0006 F860     		str	r0, [r7, #12]
 113 0008 B960     		str	r1, [r7, #8]
 114 000a 7A60     		str	r2, [r7, #4]
  91:Generated_Source\PSoC4/cyfitter_cfg.c **** 	(void)memcpy(dest, src, n);
 115              		.loc 1 91 0
 116 000c 7A68     		ldr	r2, [r7, #4]
 117 000e B968     		ldr	r1, [r7, #8]
 118 0010 FB68     		ldr	r3, [r7, #12]
 119 0012 1800     		movs	r0, r3
 120 0014 FFF7FEFF 		bl	memcpy
  92:Generated_Source\PSoC4/cyfitter_cfg.c **** }
 121              		.loc 1 92 0
 122 0018 C046     		nop
 123 001a BD46     		mov	sp, r7
 124 001c 04B0     		add	sp, sp, #16
 125              		@ sp needed
 126 001e 80BD     		pop	{r7, pc}
 127              		.cfi_endproc
 128              	.LFE3:
 129              		.size	CYCONFIGCPYCODE, .-CYCONFIGCPYCODE
 130              		.section	.text.cfg_write_bytes32,"ax",%progbits
 131              		.align	2
 132              		.code	16
 133              		.thumb_func
 134              		.type	cfg_write_bytes32, %function
 135              	cfg_write_bytes32:
 136              	.LFB4:
ARM GAS  C:\Users\MARLOK~1\AppData\Local\Temp\ccEjZZ6I.s 			page 5


  93:Generated_Source\PSoC4/cyfitter_cfg.c **** 
  94:Generated_Source\PSoC4/cyfitter_cfg.c **** 
  95:Generated_Source\PSoC4/cyfitter_cfg.c **** 
  96:Generated_Source\PSoC4/cyfitter_cfg.c **** 
  97:Generated_Source\PSoC4/cyfitter_cfg.c **** /* Clock startup error codes                                                   */
  98:Generated_Source\PSoC4/cyfitter_cfg.c **** #define CYCLOCKSTART_NO_ERROR    0u
  99:Generated_Source\PSoC4/cyfitter_cfg.c **** #define CYCLOCKSTART_XTAL_ERROR  1u
 100:Generated_Source\PSoC4/cyfitter_cfg.c **** #define CYCLOCKSTART_32KHZ_ERROR 2u
 101:Generated_Source\PSoC4/cyfitter_cfg.c **** #define CYCLOCKSTART_PLL_ERROR   3u
 102:Generated_Source\PSoC4/cyfitter_cfg.c **** #define CYCLOCKSTART_FLL_ERROR   4u
 103:Generated_Source\PSoC4/cyfitter_cfg.c **** #define CYCLOCKSTART_WCO_ERROR   5u
 104:Generated_Source\PSoC4/cyfitter_cfg.c **** 
 105:Generated_Source\PSoC4/cyfitter_cfg.c **** 
 106:Generated_Source\PSoC4/cyfitter_cfg.c **** #ifdef CY_NEED_CYCLOCKSTARTUPERROR
 107:Generated_Source\PSoC4/cyfitter_cfg.c **** /*******************************************************************************
 108:Generated_Source\PSoC4/cyfitter_cfg.c **** * Function Name: CyClockStartupError
 109:Generated_Source\PSoC4/cyfitter_cfg.c **** ********************************************************************************
 110:Generated_Source\PSoC4/cyfitter_cfg.c **** * Summary:
 111:Generated_Source\PSoC4/cyfitter_cfg.c **** *  If an error is encountered during clock configuration (crystal startup error,
 112:Generated_Source\PSoC4/cyfitter_cfg.c **** *  PLL lock error, etc.), the system will end up here.  Unless reimplemented by
 113:Generated_Source\PSoC4/cyfitter_cfg.c **** *  the customer, this function will stop in an infinite loop.
 114:Generated_Source\PSoC4/cyfitter_cfg.c **** *
 115:Generated_Source\PSoC4/cyfitter_cfg.c **** * Parameters:
 116:Generated_Source\PSoC4/cyfitter_cfg.c **** *   void
 117:Generated_Source\PSoC4/cyfitter_cfg.c **** *
 118:Generated_Source\PSoC4/cyfitter_cfg.c **** * Return:
 119:Generated_Source\PSoC4/cyfitter_cfg.c **** *   void
 120:Generated_Source\PSoC4/cyfitter_cfg.c **** *
 121:Generated_Source\PSoC4/cyfitter_cfg.c **** *******************************************************************************/
 122:Generated_Source\PSoC4/cyfitter_cfg.c **** CY_CFG_UNUSED
 123:Generated_Source\PSoC4/cyfitter_cfg.c **** static void CyClockStartupError(uint8 errorCode);
 124:Generated_Source\PSoC4/cyfitter_cfg.c **** CY_CFG_UNUSED
 125:Generated_Source\PSoC4/cyfitter_cfg.c **** static void CyClockStartupError(uint8 errorCode)
 126:Generated_Source\PSoC4/cyfitter_cfg.c **** {
 127:Generated_Source\PSoC4/cyfitter_cfg.c ****     /* To remove the compiler warning if errorCode not used.                */
 128:Generated_Source\PSoC4/cyfitter_cfg.c ****     errorCode = errorCode;
 129:Generated_Source\PSoC4/cyfitter_cfg.c **** 
 130:Generated_Source\PSoC4/cyfitter_cfg.c ****     /* If we have a clock startup error (bad MHz crystal, PLL lock, etc.),  */
 131:Generated_Source\PSoC4/cyfitter_cfg.c ****     /* we will end up here to allow the customer to implement something to  */
 132:Generated_Source\PSoC4/cyfitter_cfg.c ****     /* deal with the clock condition.                                       */
 133:Generated_Source\PSoC4/cyfitter_cfg.c **** 
 134:Generated_Source\PSoC4/cyfitter_cfg.c **** #ifdef CY_CFG_CLOCK_STARTUP_ERROR_CALLBACK
 135:Generated_Source\PSoC4/cyfitter_cfg.c ****     CY_CFG_Clock_Startup_ErrorCallback();
 136:Generated_Source\PSoC4/cyfitter_cfg.c **** #else
 137:Generated_Source\PSoC4/cyfitter_cfg.c ****     /*  If not using CY_CFG_CLOCK_STARTUP_ERROR_CALLBACK, place your clock startup code here. */
 138:Generated_Source\PSoC4/cyfitter_cfg.c ****     /* `#START CyClockStartupError` */
 139:Generated_Source\PSoC4/cyfitter_cfg.c **** 
 140:Generated_Source\PSoC4/cyfitter_cfg.c **** 
 141:Generated_Source\PSoC4/cyfitter_cfg.c **** 
 142:Generated_Source\PSoC4/cyfitter_cfg.c ****     /* `#END` */
 143:Generated_Source\PSoC4/cyfitter_cfg.c **** 
 144:Generated_Source\PSoC4/cyfitter_cfg.c ****     while(1) {}
 145:Generated_Source\PSoC4/cyfitter_cfg.c **** #endif /* CY_CFG_CLOCK_STARTUP_ERROR_CALLBACK */
 146:Generated_Source\PSoC4/cyfitter_cfg.c **** }
 147:Generated_Source\PSoC4/cyfitter_cfg.c **** #endif
 148:Generated_Source\PSoC4/cyfitter_cfg.c **** 
 149:Generated_Source\PSoC4/cyfitter_cfg.c **** #define CY_CFG_BASE_ADDR_COUNT 2u
ARM GAS  C:\Users\MARLOK~1\AppData\Local\Temp\ccEjZZ6I.s 			page 6


 150:Generated_Source\PSoC4/cyfitter_cfg.c **** CYPACKED typedef struct
 151:Generated_Source\PSoC4/cyfitter_cfg.c **** {
 152:Generated_Source\PSoC4/cyfitter_cfg.c **** 	uint8 offset;
 153:Generated_Source\PSoC4/cyfitter_cfg.c **** 	uint8 value;
 154:Generated_Source\PSoC4/cyfitter_cfg.c **** } CYPACKED_ATTR cy_cfg_addrvalue_t;
 155:Generated_Source\PSoC4/cyfitter_cfg.c **** 
 156:Generated_Source\PSoC4/cyfitter_cfg.c **** 
 157:Generated_Source\PSoC4/cyfitter_cfg.c **** 
 158:Generated_Source\PSoC4/cyfitter_cfg.c **** /*******************************************************************************
 159:Generated_Source\PSoC4/cyfitter_cfg.c **** * Function Name: cfg_write_bytes32
 160:Generated_Source\PSoC4/cyfitter_cfg.c **** ********************************************************************************
 161:Generated_Source\PSoC4/cyfitter_cfg.c **** * Summary:
 162:Generated_Source\PSoC4/cyfitter_cfg.c **** *  This function is used for setting up the chip configuration areas that
 163:Generated_Source\PSoC4/cyfitter_cfg.c **** *  contain relatively sparse data.
 164:Generated_Source\PSoC4/cyfitter_cfg.c **** *
 165:Generated_Source\PSoC4/cyfitter_cfg.c **** * Parameters:
 166:Generated_Source\PSoC4/cyfitter_cfg.c **** *   void
 167:Generated_Source\PSoC4/cyfitter_cfg.c **** *
 168:Generated_Source\PSoC4/cyfitter_cfg.c **** * Return:
 169:Generated_Source\PSoC4/cyfitter_cfg.c **** *   void
 170:Generated_Source\PSoC4/cyfitter_cfg.c **** *
 171:Generated_Source\PSoC4/cyfitter_cfg.c **** *******************************************************************************/
 172:Generated_Source\PSoC4/cyfitter_cfg.c **** static void cfg_write_bytes32(const uint32 addr_table[], const cy_cfg_addrvalue_t data_table[]);
 173:Generated_Source\PSoC4/cyfitter_cfg.c **** static void cfg_write_bytes32(const uint32 addr_table[], const cy_cfg_addrvalue_t data_table[])
 174:Generated_Source\PSoC4/cyfitter_cfg.c **** {
 137              		.loc 1 174 0
 138              		.cfi_startproc
 139              		@ args = 0, pretend = 0, frame = 24
 140              		@ frame_needed = 1, uses_anonymous_args = 0
 141 0000 80B5     		push	{r7, lr}
 142              		.cfi_def_cfa_offset 8
 143              		.cfi_offset 7, -8
 144              		.cfi_offset 14, -4
 145 0002 86B0     		sub	sp, sp, #24
 146              		.cfi_def_cfa_offset 32
 147 0004 00AF     		add	r7, sp, #0
 148              		.cfi_def_cfa_register 7
 149 0006 7860     		str	r0, [r7, #4]
 150 0008 3960     		str	r1, [r7]
 175:Generated_Source\PSoC4/cyfitter_cfg.c **** 	/* For 32-bit little-endian architectures */
 176:Generated_Source\PSoC4/cyfitter_cfg.c **** 	uint32 i, j = 0u;
 151              		.loc 1 176 0
 152 000a 0023     		movs	r3, #0
 153 000c 3B61     		str	r3, [r7, #16]
 177:Generated_Source\PSoC4/cyfitter_cfg.c **** 	for (i = 0u; i < CY_CFG_BASE_ADDR_COUNT; i++)
 154              		.loc 1 177 0
 155 000e 0023     		movs	r3, #0
 156 0010 7B61     		str	r3, [r7, #20]
 157 0012 2FE0     		b	.L5
 158              	.L8:
 159              	.LBB2:
 178:Generated_Source\PSoC4/cyfitter_cfg.c **** 	{
 179:Generated_Source\PSoC4/cyfitter_cfg.c **** 		uint32 baseAddr = addr_table[i];
 160              		.loc 1 179 0
 161 0014 7B69     		ldr	r3, [r7, #20]
 162 0016 9B00     		lsls	r3, r3, #2
 163 0018 7A68     		ldr	r2, [r7, #4]
ARM GAS  C:\Users\MARLOK~1\AppData\Local\Temp\ccEjZZ6I.s 			page 7


 164 001a D318     		adds	r3, r2, r3
 165 001c 1B68     		ldr	r3, [r3]
 166 001e BB60     		str	r3, [r7, #8]
 180:Generated_Source\PSoC4/cyfitter_cfg.c **** 		uint8 count = (uint8)baseAddr;
 167              		.loc 1 180 0
 168 0020 0F23     		movs	r3, #15
 169 0022 FB18     		adds	r3, r7, r3
 170 0024 BA68     		ldr	r2, [r7, #8]
 171 0026 1A70     		strb	r2, [r3]
 181:Generated_Source\PSoC4/cyfitter_cfg.c **** 		baseAddr &= 0xFFFFFF00u;
 172              		.loc 1 181 0
 173 0028 BB68     		ldr	r3, [r7, #8]
 174 002a FF22     		movs	r2, #255
 175 002c 9343     		bics	r3, r2
 176 002e BB60     		str	r3, [r7, #8]
 182:Generated_Source\PSoC4/cyfitter_cfg.c **** 		while (count != 0u)
 177              		.loc 1 182 0
 178 0030 18E0     		b	.L6
 179              	.L7:
 183:Generated_Source\PSoC4/cyfitter_cfg.c **** 		{
 184:Generated_Source\PSoC4/cyfitter_cfg.c **** 			CY_SET_REG8((void *)(baseAddr + data_table[j].offset), data_table[j].value);
 180              		.loc 1 184 0
 181 0032 3B69     		ldr	r3, [r7, #16]
 182 0034 5B00     		lsls	r3, r3, #1
 183 0036 3A68     		ldr	r2, [r7]
 184 0038 D318     		adds	r3, r2, r3
 185 003a 1B78     		ldrb	r3, [r3]
 186 003c 1A00     		movs	r2, r3
 187 003e BB68     		ldr	r3, [r7, #8]
 188 0040 D318     		adds	r3, r2, r3
 189 0042 1900     		movs	r1, r3
 190 0044 3B69     		ldr	r3, [r7, #16]
 191 0046 5B00     		lsls	r3, r3, #1
 192 0048 3A68     		ldr	r2, [r7]
 193 004a D318     		adds	r3, r2, r3
 194 004c 5B78     		ldrb	r3, [r3, #1]
 195 004e 0B70     		strb	r3, [r1]
 185:Generated_Source\PSoC4/cyfitter_cfg.c **** 			j++;
 196              		.loc 1 185 0
 197 0050 3B69     		ldr	r3, [r7, #16]
 198 0052 0133     		adds	r3, r3, #1
 199 0054 3B61     		str	r3, [r7, #16]
 186:Generated_Source\PSoC4/cyfitter_cfg.c **** 			count--;
 200              		.loc 1 186 0
 201 0056 0F23     		movs	r3, #15
 202 0058 FB18     		adds	r3, r7, r3
 203 005a 1A78     		ldrb	r2, [r3]
 204 005c 0F23     		movs	r3, #15
 205 005e FB18     		adds	r3, r7, r3
 206 0060 013A     		subs	r2, r2, #1
 207 0062 1A70     		strb	r2, [r3]
 208              	.L6:
 182:Generated_Source\PSoC4/cyfitter_cfg.c **** 		{
 209              		.loc 1 182 0
 210 0064 0F23     		movs	r3, #15
 211 0066 FB18     		adds	r3, r7, r3
 212 0068 1B78     		ldrb	r3, [r3]
ARM GAS  C:\Users\MARLOK~1\AppData\Local\Temp\ccEjZZ6I.s 			page 8


 213 006a 002B     		cmp	r3, #0
 214 006c E1D1     		bne	.L7
 215              	.LBE2:
 177:Generated_Source\PSoC4/cyfitter_cfg.c **** 	{
 216              		.loc 1 177 0 discriminator 2
 217 006e 7B69     		ldr	r3, [r7, #20]
 218 0070 0133     		adds	r3, r3, #1
 219 0072 7B61     		str	r3, [r7, #20]
 220              	.L5:
 177:Generated_Source\PSoC4/cyfitter_cfg.c **** 	{
 221              		.loc 1 177 0 is_stmt 0 discriminator 1
 222 0074 7B69     		ldr	r3, [r7, #20]
 223 0076 012B     		cmp	r3, #1
 224 0078 CCD9     		bls	.L8
 187:Generated_Source\PSoC4/cyfitter_cfg.c **** 		}
 188:Generated_Source\PSoC4/cyfitter_cfg.c **** 	}
 189:Generated_Source\PSoC4/cyfitter_cfg.c **** }
 225              		.loc 1 189 0 is_stmt 1
 226 007a C046     		nop
 227 007c BD46     		mov	sp, r7
 228 007e 06B0     		add	sp, sp, #24
 229              		@ sp needed
 230 0080 80BD     		pop	{r7, pc}
 231              		.cfi_endproc
 232              	.LFE4:
 233              		.size	cfg_write_bytes32, .-cfg_write_bytes32
 234 0082 C046     		.section	.psocinit,"ax",%progbits
 235              		.align	2
 236              		.code	16
 237              		.thumb_func
 238              		.type	ClockSetup, %function
 239              	ClockSetup:
 240              	.LFB5:
 190:Generated_Source\PSoC4/cyfitter_cfg.c **** 
 191:Generated_Source\PSoC4/cyfitter_cfg.c **** 
 192:Generated_Source\PSoC4/cyfitter_cfg.c **** /*******************************************************************************
 193:Generated_Source\PSoC4/cyfitter_cfg.c **** * Function Name: ClockSetup
 194:Generated_Source\PSoC4/cyfitter_cfg.c **** ********************************************************************************
 195:Generated_Source\PSoC4/cyfitter_cfg.c **** *
 196:Generated_Source\PSoC4/cyfitter_cfg.c **** * Summary:
 197:Generated_Source\PSoC4/cyfitter_cfg.c **** *   Performs the initialization of all of the clocks in the device based on the
 198:Generated_Source\PSoC4/cyfitter_cfg.c **** *   settings in the Clock tab of the DWR.  This includes enabling the requested
 199:Generated_Source\PSoC4/cyfitter_cfg.c **** *   clocks and setting the necessary dividers to produce the desired frequency. 
 200:Generated_Source\PSoC4/cyfitter_cfg.c **** *
 201:Generated_Source\PSoC4/cyfitter_cfg.c **** * Parameters:
 202:Generated_Source\PSoC4/cyfitter_cfg.c **** *   void
 203:Generated_Source\PSoC4/cyfitter_cfg.c **** *
 204:Generated_Source\PSoC4/cyfitter_cfg.c **** * Return:
 205:Generated_Source\PSoC4/cyfitter_cfg.c **** *   void
 206:Generated_Source\PSoC4/cyfitter_cfg.c **** *
 207:Generated_Source\PSoC4/cyfitter_cfg.c **** *******************************************************************************/
 208:Generated_Source\PSoC4/cyfitter_cfg.c **** static void ClockSetup(void);
 209:Generated_Source\PSoC4/cyfitter_cfg.c **** CY_CFG_SECTION
 210:Generated_Source\PSoC4/cyfitter_cfg.c **** static void ClockSetup(void)
 211:Generated_Source\PSoC4/cyfitter_cfg.c **** {
 241              		.loc 1 211 0
 242              		.cfi_startproc
ARM GAS  C:\Users\MARLOK~1\AppData\Local\Temp\ccEjZZ6I.s 			page 9


 243              		@ args = 0, pretend = 0, frame = 0
 244              		@ frame_needed = 1, uses_anonymous_args = 0
 245 0000 80B5     		push	{r7, lr}
 246              		.cfi_def_cfa_offset 8
 247              		.cfi_offset 7, -8
 248              		.cfi_offset 14, -4
 249 0002 00AF     		add	r7, sp, #0
 250              		.cfi_def_cfa_register 7
 212:Generated_Source\PSoC4/cyfitter_cfg.c **** 
 213:Generated_Source\PSoC4/cyfitter_cfg.c **** 	/* Set Flash Cycles based on max possible frequency in case a glitch occurs during ClockSetup(). *
 214:Generated_Source\PSoC4/cyfitter_cfg.c **** 	CY_SET_REG32((void CYXDATA *)(CYREG_CPUSS_FLASH_CTL), (0x0012u));
 251              		.loc 1 214 0
 252 0004 1D4B     		ldr	r3, .L10
 253 0006 1222     		movs	r2, #18
 254 0008 1A60     		str	r2, [r3]
 215:Generated_Source\PSoC4/cyfitter_cfg.c **** 
 216:Generated_Source\PSoC4/cyfitter_cfg.c **** 	/* Start the WCO */
 217:Generated_Source\PSoC4/cyfitter_cfg.c **** 	CySysClkWcoStart();
 255              		.loc 1 217 0
 256 000a FFF7FEFF 		bl	CySysClkWcoStart
 218:Generated_Source\PSoC4/cyfitter_cfg.c **** 	CyDelayCycles(12000000u); /* WCO may take up to 500ms to start */
 257              		.loc 1 218 0
 258 000e 1C4B     		ldr	r3, .L10+4
 259 0010 1800     		movs	r0, r3
 260 0012 FFF7FEFF 		bl	CyDelayCycles
 219:Generated_Source\PSoC4/cyfitter_cfg.c **** 
 220:Generated_Source\PSoC4/cyfitter_cfg.c **** 	/* Setup and trim IMO based on desired frequency. */
 221:Generated_Source\PSoC4/cyfitter_cfg.c **** 	CySysClkWriteImoFreq(48u);
 261              		.loc 1 221 0
 262 0016 3020     		movs	r0, #48
 263 0018 FFF7FEFF 		bl	CySysClkWriteImoFreq
 222:Generated_Source\PSoC4/cyfitter_cfg.c **** 	/* CYDEV_WDT_CONFIG Starting address: CYDEV_WDT_CONFIG */
 223:Generated_Source\PSoC4/cyfitter_cfg.c **** 	CY_SET_REG32((void *)(CYREG_WDT_CONFIG), 0x40000000u);
 264              		.loc 1 223 0
 265 001c 194B     		ldr	r3, .L10+8
 266 001e 8022     		movs	r2, #128
 267 0020 D205     		lsls	r2, r2, #23
 268 0022 1A60     		str	r2, [r3]
 224:Generated_Source\PSoC4/cyfitter_cfg.c **** 
 225:Generated_Source\PSoC4/cyfitter_cfg.c **** 
 226:Generated_Source\PSoC4/cyfitter_cfg.c **** 	/* Setup phase aligned clocks */
 227:Generated_Source\PSoC4/cyfitter_cfg.c **** 	CY_SET_REG32((void *)CYREG_PERI_DIV_16_CTL1, 0x00001D00u);
 269              		.loc 1 227 0
 270 0024 184B     		ldr	r3, .L10+12
 271 0026 E822     		movs	r2, #232
 272 0028 5201     		lsls	r2, r2, #5
 273 002a 1A60     		str	r2, [r3]
 228:Generated_Source\PSoC4/cyfitter_cfg.c **** 	CY_SET_REG32((void *)CYREG_PERI_DIV_CMD, 0x8000FF41u);
 274              		.loc 1 228 0
 275 002c 174B     		ldr	r3, .L10+16
 276 002e 184A     		ldr	r2, .L10+20
 277 0030 1A60     		str	r2, [r3]
 229:Generated_Source\PSoC4/cyfitter_cfg.c **** 	CY_SET_REG32((void *)CYREG_PERI_DIV_16_CTL0, 0x00001900u);
 278              		.loc 1 229 0
 279 0032 184B     		ldr	r3, .L10+24
 280 0034 C822     		movs	r2, #200
 281 0036 5201     		lsls	r2, r2, #5
ARM GAS  C:\Users\MARLOK~1\AppData\Local\Temp\ccEjZZ6I.s 			page 10


 282 0038 1A60     		str	r2, [r3]
 230:Generated_Source\PSoC4/cyfitter_cfg.c **** 	CY_SET_REG32((void *)CYREG_PERI_DIV_CMD, 0x8000FF40u);
 283              		.loc 1 230 0
 284 003a 144B     		ldr	r3, .L10+16
 285 003c 164A     		ldr	r2, .L10+28
 286 003e 1A60     		str	r2, [r3]
 231:Generated_Source\PSoC4/cyfitter_cfg.c **** 
 232:Generated_Source\PSoC4/cyfitter_cfg.c **** 	/* CYDEV_CLK_IMO_CONFIG Starting address: CYDEV_CLK_IMO_CONFIG */
 233:Generated_Source\PSoC4/cyfitter_cfg.c **** 	CY_SET_REG32((void *)(CYREG_CLK_IMO_CONFIG), 0x80000000u);
 287              		.loc 1 233 0
 288 0040 164B     		ldr	r3, .L10+32
 289 0042 8022     		movs	r2, #128
 290 0044 1206     		lsls	r2, r2, #24
 291 0046 1A60     		str	r2, [r3]
 234:Generated_Source\PSoC4/cyfitter_cfg.c **** 
 235:Generated_Source\PSoC4/cyfitter_cfg.c **** 	/* CYDEV_CLK_SELECT Starting address: CYDEV_CLK_SELECT */
 236:Generated_Source\PSoC4/cyfitter_cfg.c **** 	CY_SET_REG32((void *)(CYREG_CLK_SELECT), 0x00040000u);
 292              		.loc 1 236 0
 293 0048 154B     		ldr	r3, .L10+36
 294 004a 8022     		movs	r2, #128
 295 004c D202     		lsls	r2, r2, #11
 296 004e 1A60     		str	r2, [r3]
 237:Generated_Source\PSoC4/cyfitter_cfg.c **** 
 238:Generated_Source\PSoC4/cyfitter_cfg.c **** 	/* CYDEV_PERI_PCLK_CTL5 Starting address: CYDEV_PERI_PCLK_CTL5 */
 239:Generated_Source\PSoC4/cyfitter_cfg.c **** 	CY_SET_REG32((void *)(CYREG_PERI_PCLK_CTL5), 0x00000041u);
 297              		.loc 1 239 0
 298 0050 144B     		ldr	r3, .L10+40
 299 0052 4122     		movs	r2, #65
 300 0054 1A60     		str	r2, [r3]
 240:Generated_Source\PSoC4/cyfitter_cfg.c **** 
 241:Generated_Source\PSoC4/cyfitter_cfg.c **** 	/* CYDEV_PERI_PCLK_CTL4 Starting address: CYDEV_PERI_PCLK_CTL4 */
 242:Generated_Source\PSoC4/cyfitter_cfg.c **** 	CY_SET_REG32((void *)(CYREG_PERI_PCLK_CTL4), 0x00000040u);
 301              		.loc 1 242 0
 302 0056 144B     		ldr	r3, .L10+44
 303 0058 4022     		movs	r2, #64
 304 005a 1A60     		str	r2, [r3]
 243:Generated_Source\PSoC4/cyfitter_cfg.c **** 
 244:Generated_Source\PSoC4/cyfitter_cfg.c **** 	(void)CyIntSetVector(8u, &CySysWdtIsr);
 305              		.loc 1 244 0
 306 005c 134B     		ldr	r3, .L10+48
 307 005e 1900     		movs	r1, r3
 308 0060 0820     		movs	r0, #8
 309 0062 FFF7FEFF 		bl	CyIntSetVector
 245:Generated_Source\PSoC4/cyfitter_cfg.c **** 	CyIntEnable(8u);
 310              		.loc 1 245 0
 311 0066 0820     		movs	r0, #8
 312 0068 FFF7FEFF 		bl	CyIntEnable
 246:Generated_Source\PSoC4/cyfitter_cfg.c **** 	CY_SET_REG32((void *)(CYREG_WDT_CONFIG), 0x40000000u);
 313              		.loc 1 246 0
 314 006c 054B     		ldr	r3, .L10+8
 315 006e 8022     		movs	r2, #128
 316 0070 D205     		lsls	r2, r2, #23
 317 0072 1A60     		str	r2, [r3]
 247:Generated_Source\PSoC4/cyfitter_cfg.c **** }
 318              		.loc 1 247 0
 319 0074 C046     		nop
 320 0076 BD46     		mov	sp, r7
ARM GAS  C:\Users\MARLOK~1\AppData\Local\Temp\ccEjZZ6I.s 			page 11


 321              		@ sp needed
 322 0078 80BD     		pop	{r7, pc}
 323              	.L11:
 324 007a C046     		.align	2
 325              	.L10:
 326 007c 30001040 		.word	1074790448
 327 0080 001BB700 		.word	12000000
 328 0084 0C020B40 		.word	1074463244
 329 0088 04030140 		.word	1073808132
 330 008c 00000140 		.word	1073807360
 331 0090 41FF0080 		.word	-2147418303
 332 0094 00030140 		.word	1073808128
 333 0098 40FF0080 		.word	-2147418304
 334 009c 08010B40 		.word	1074462984
 335 00a0 00010B40 		.word	1074462976
 336 00a4 14010140 		.word	1073807636
 337 00a8 10010140 		.word	1073807632
 338 00ac 00000000 		.word	CySysWdtIsr
 339              		.cfi_endproc
 340              	.LFE5:
 341              		.size	ClockSetup, .-ClockSetup
 342              		.section	.text.AnalogSetDefault,"ax",%progbits
 343              		.align	2
 344              		.code	16
 345              		.thumb_func
 346              		.type	AnalogSetDefault, %function
 347              	AnalogSetDefault:
 348              	.LFB6:
 248:Generated_Source\PSoC4/cyfitter_cfg.c **** 
 249:Generated_Source\PSoC4/cyfitter_cfg.c **** 
 250:Generated_Source\PSoC4/cyfitter_cfg.c **** /* Analog API Functions */
 251:Generated_Source\PSoC4/cyfitter_cfg.c **** 
 252:Generated_Source\PSoC4/cyfitter_cfg.c **** 
 253:Generated_Source\PSoC4/cyfitter_cfg.c **** /*******************************************************************************
 254:Generated_Source\PSoC4/cyfitter_cfg.c **** * Function Name: AnalogSetDefault
 255:Generated_Source\PSoC4/cyfitter_cfg.c **** ********************************************************************************
 256:Generated_Source\PSoC4/cyfitter_cfg.c **** *
 257:Generated_Source\PSoC4/cyfitter_cfg.c **** * Summary:
 258:Generated_Source\PSoC4/cyfitter_cfg.c **** *  Sets up the analog portions of the chip to default values based on chip
 259:Generated_Source\PSoC4/cyfitter_cfg.c **** *  configuration options from the project.
 260:Generated_Source\PSoC4/cyfitter_cfg.c **** *
 261:Generated_Source\PSoC4/cyfitter_cfg.c **** * Parameters:
 262:Generated_Source\PSoC4/cyfitter_cfg.c **** *  void
 263:Generated_Source\PSoC4/cyfitter_cfg.c **** *
 264:Generated_Source\PSoC4/cyfitter_cfg.c **** * Return:
 265:Generated_Source\PSoC4/cyfitter_cfg.c **** *  void
 266:Generated_Source\PSoC4/cyfitter_cfg.c **** *
 267:Generated_Source\PSoC4/cyfitter_cfg.c **** *******************************************************************************/
 268:Generated_Source\PSoC4/cyfitter_cfg.c **** static void AnalogSetDefault(void);
 269:Generated_Source\PSoC4/cyfitter_cfg.c **** static void AnalogSetDefault(void)
 270:Generated_Source\PSoC4/cyfitter_cfg.c **** {
 349              		.loc 1 270 0
 350              		.cfi_startproc
 351              		@ args = 0, pretend = 0, frame = 0
 352              		@ frame_needed = 1, uses_anonymous_args = 0
 353 0000 80B5     		push	{r7, lr}
 354              		.cfi_def_cfa_offset 8
ARM GAS  C:\Users\MARLOK~1\AppData\Local\Temp\ccEjZZ6I.s 			page 12


 355              		.cfi_offset 7, -8
 356              		.cfi_offset 14, -4
 357 0002 00AF     		add	r7, sp, #0
 358              		.cfi_def_cfa_register 7
 271:Generated_Source\PSoC4/cyfitter_cfg.c **** 	CY_SET_XTND_REG32((void CYFAR *)CYREG_CTBM0_DFT_CTRL, 0x00000003u);
 359              		.loc 1 271 0
 360 0004 054B     		ldr	r3, .L13
 361 0006 0322     		movs	r2, #3
 362 0008 1A60     		str	r2, [r3]
 272:Generated_Source\PSoC4/cyfitter_cfg.c **** 	CY_SET_XTND_REG32((void CYFAR *)CYREG_CTBM1_DFT_CTRL, 0x00000003u);
 363              		.loc 1 272 0
 364 000a 054B     		ldr	r3, .L13+4
 365 000c 0322     		movs	r2, #3
 366 000e 1A60     		str	r2, [r3]
 273:Generated_Source\PSoC4/cyfitter_cfg.c **** 	CY_SET_XTND_REG32((void CYFAR *)CYREG_PASS_DSAB_DSAB_CTRL, 0x00000000u);
 367              		.loc 1 273 0
 368 0010 044B     		ldr	r3, .L13+8
 369 0012 0022     		movs	r2, #0
 370 0014 1A60     		str	r2, [r3]
 274:Generated_Source\PSoC4/cyfitter_cfg.c **** }
 371              		.loc 1 274 0
 372 0016 C046     		nop
 373 0018 BD46     		mov	sp, r7
 374              		@ sp needed
 375 001a 80BD     		pop	{r7, pc}
 376              	.L14:
 377              		.align	2
 378              	.L13:
 379 001c 30003040 		.word	1076887600
 380 0020 30003140 		.word	1076953136
 381 0024 000E3F40 		.word	1077874176
 382              		.cfi_endproc
 383              	.LFE6:
 384              		.size	AnalogSetDefault, .-AnalogSetDefault
 385              		.section	.psocinit
 386              		.align	2
 387              		.global	cyfitter_cfg
 388              		.code	16
 389              		.thumb_func
 390              		.type	cyfitter_cfg, %function
 391              	cyfitter_cfg:
 392              	.LFB7:
 275:Generated_Source\PSoC4/cyfitter_cfg.c **** 
 276:Generated_Source\PSoC4/cyfitter_cfg.c **** 
 277:Generated_Source\PSoC4/cyfitter_cfg.c **** 
 278:Generated_Source\PSoC4/cyfitter_cfg.c **** 
 279:Generated_Source\PSoC4/cyfitter_cfg.c **** /*******************************************************************************
 280:Generated_Source\PSoC4/cyfitter_cfg.c **** * Function Name: cyfitter_cfg
 281:Generated_Source\PSoC4/cyfitter_cfg.c **** ********************************************************************************
 282:Generated_Source\PSoC4/cyfitter_cfg.c **** * Summary:
 283:Generated_Source\PSoC4/cyfitter_cfg.c **** *  This function is called by the start-up code for the selected device. It
 284:Generated_Source\PSoC4/cyfitter_cfg.c **** *  performs all of the necessary device configuration based on the design
 285:Generated_Source\PSoC4/cyfitter_cfg.c **** *  settings.  This includes settings from the Design Wide Resources (DWR) such
 286:Generated_Source\PSoC4/cyfitter_cfg.c **** *  as Clocks and Pins as well as any component configuration that is necessary.
 287:Generated_Source\PSoC4/cyfitter_cfg.c **** *
 288:Generated_Source\PSoC4/cyfitter_cfg.c **** * Parameters:
 289:Generated_Source\PSoC4/cyfitter_cfg.c **** *   void
ARM GAS  C:\Users\MARLOK~1\AppData\Local\Temp\ccEjZZ6I.s 			page 13


 290:Generated_Source\PSoC4/cyfitter_cfg.c **** *
 291:Generated_Source\PSoC4/cyfitter_cfg.c **** * Return:
 292:Generated_Source\PSoC4/cyfitter_cfg.c **** *   void
 293:Generated_Source\PSoC4/cyfitter_cfg.c **** *
 294:Generated_Source\PSoC4/cyfitter_cfg.c **** *******************************************************************************/
 295:Generated_Source\PSoC4/cyfitter_cfg.c **** CY_CFG_SECTION
 296:Generated_Source\PSoC4/cyfitter_cfg.c **** void cyfitter_cfg(void)
 297:Generated_Source\PSoC4/cyfitter_cfg.c **** {
 393              		.loc 1 297 0
 394              		.cfi_startproc
 395              		@ args = 0, pretend = 0, frame = 8
 396              		@ frame_needed = 1, uses_anonymous_args = 0
 397 00b0 80B5     		push	{r7, lr}
 398              		.cfi_def_cfa_offset 8
 399              		.cfi_offset 7, -8
 400              		.cfi_offset 14, -4
 401 00b2 82B0     		sub	sp, sp, #8
 402              		.cfi_def_cfa_offset 16
 403 00b4 00AF     		add	r7, sp, #0
 404              		.cfi_def_cfa_register 7
 298:Generated_Source\PSoC4/cyfitter_cfg.c **** 	/* Disable interrupts by default. Let user enable if/when they want. */
 299:Generated_Source\PSoC4/cyfitter_cfg.c **** 	CyGlobalIntDisable;
 405              		.loc 1 299 0
 406              		.syntax divided
 407              	@ 299 "Generated_Source\PSoC4\cyfitter_cfg.c" 1
 408 00b6 72B6     		CPSID   i
 409              	@ 0 "" 2
 300:Generated_Source\PSoC4/cyfitter_cfg.c **** 
 301:Generated_Source\PSoC4/cyfitter_cfg.c **** 	/* Enable the clock in the interrupt controller for the routed interrupts */
 302:Generated_Source\PSoC4/cyfitter_cfg.c **** 	CY_SET_REG8((void *)CYREG_UDB_UDB_INT_CLK_CTL, 0x01u);
 410              		.loc 1 302 0
 411              		.thumb
 412              		.syntax unified
 413 00b8 454B     		ldr	r3, .L18
 414 00ba 0122     		movs	r2, #1
 415 00bc 1A70     		strb	r2, [r3]
 416              	.LBB3:
 303:Generated_Source\PSoC4/cyfitter_cfg.c **** 	{
 304:Generated_Source\PSoC4/cyfitter_cfg.c **** 		static const uint32 CYCODE cy_cfg_addr_table[] = {
 305:Generated_Source\PSoC4/cyfitter_cfg.c **** 			0x400F4002u, /* Base address: 0x400F4000 Count: 2 */
 306:Generated_Source\PSoC4/cyfitter_cfg.c **** 			0x400F4103u, /* Base address: 0x400F4100 Count: 3 */
 307:Generated_Source\PSoC4/cyfitter_cfg.c **** 		};
 308:Generated_Source\PSoC4/cyfitter_cfg.c **** 
 309:Generated_Source\PSoC4/cyfitter_cfg.c **** 		static const cy_cfg_addrvalue_t CYCODE cy_cfg_data_table[] = {
 310:Generated_Source\PSoC4/cyfitter_cfg.c **** 			{0x6Au, 0x40u},
 311:Generated_Source\PSoC4/cyfitter_cfg.c **** 			{0xDAu, 0x40u},
 312:Generated_Source\PSoC4/cyfitter_cfg.c **** 			{0x1Eu, 0x40u},
 313:Generated_Source\PSoC4/cyfitter_cfg.c **** 			{0x96u, 0x40u},
 314:Generated_Source\PSoC4/cyfitter_cfg.c **** 			{0xC6u, 0x20u},
 315:Generated_Source\PSoC4/cyfitter_cfg.c **** 		};
 316:Generated_Source\PSoC4/cyfitter_cfg.c **** 
 317:Generated_Source\PSoC4/cyfitter_cfg.c **** 
 318:Generated_Source\PSoC4/cyfitter_cfg.c **** 
 319:Generated_Source\PSoC4/cyfitter_cfg.c **** 		CYPACKED typedef struct {
 320:Generated_Source\PSoC4/cyfitter_cfg.c **** 			void CYFAR *address;
 321:Generated_Source\PSoC4/cyfitter_cfg.c **** 			uint16 size;
 322:Generated_Source\PSoC4/cyfitter_cfg.c **** 		} CYPACKED_ATTR cfg_memset_t;
ARM GAS  C:\Users\MARLOK~1\AppData\Local\Temp\ccEjZZ6I.s 			page 14


 323:Generated_Source\PSoC4/cyfitter_cfg.c **** 
 324:Generated_Source\PSoC4/cyfitter_cfg.c **** 		static const cfg_memset_t CYCODE cfg_memset_list[] = {
 325:Generated_Source\PSoC4/cyfitter_cfg.c **** 			/* address, size */
 326:Generated_Source\PSoC4/cyfitter_cfg.c **** 			{(void CYFAR *)(CYDEV_UDB_P0_U0_BASE), 2048u},
 327:Generated_Source\PSoC4/cyfitter_cfg.c **** 			{(void CYFAR *)(CYDEV_UDB_DSI0_BASE), 2048u},
 328:Generated_Source\PSoC4/cyfitter_cfg.c **** 		};
 329:Generated_Source\PSoC4/cyfitter_cfg.c **** 
 330:Generated_Source\PSoC4/cyfitter_cfg.c **** 		uint8 CYDATA i;
 331:Generated_Source\PSoC4/cyfitter_cfg.c **** 
 332:Generated_Source\PSoC4/cyfitter_cfg.c **** 		/* Zero out critical memory blocks before beginning configuration */
 333:Generated_Source\PSoC4/cyfitter_cfg.c **** 		for (i = 0u; i < (sizeof(cfg_memset_list)/sizeof(cfg_memset_list[0])); i++)
 417              		.loc 1 333 0
 418 00be FB1D     		adds	r3, r7, #7
 419 00c0 0022     		movs	r2, #0
 420 00c2 1A70     		strb	r2, [r3]
 421 00c4 22E0     		b	.L16
 422              	.L17:
 423              	.LBB4:
 334:Generated_Source\PSoC4/cyfitter_cfg.c **** 		{
 335:Generated_Source\PSoC4/cyfitter_cfg.c **** 			const cfg_memset_t CYCODE * CYDATA ms = &cfg_memset_list[i];
 424              		.loc 1 335 0 discriminator 3
 425 00c6 FB1D     		adds	r3, r7, #7
 426 00c8 1A78     		ldrb	r2, [r3]
 427 00ca 1300     		movs	r3, r2
 428 00cc 5B00     		lsls	r3, r3, #1
 429 00ce 9B18     		adds	r3, r3, r2
 430 00d0 5B00     		lsls	r3, r3, #1
 431 00d2 404A     		ldr	r2, .L18+4
 432 00d4 9B18     		adds	r3, r3, r2
 433 00d6 3B60     		str	r3, [r7]
 336:Generated_Source\PSoC4/cyfitter_cfg.c **** 			CYMEMZERO(ms->address, (size_t)(uint32)(ms->size));
 434              		.loc 1 336 0 discriminator 3
 435 00d8 3B68     		ldr	r3, [r7]
 436 00da 1A78     		ldrb	r2, [r3]
 437 00dc 5978     		ldrb	r1, [r3, #1]
 438 00de 0902     		lsls	r1, r1, #8
 439 00e0 0A43     		orrs	r2, r1
 440 00e2 9978     		ldrb	r1, [r3, #2]
 441 00e4 0904     		lsls	r1, r1, #16
 442 00e6 0A43     		orrs	r2, r1
 443 00e8 DB78     		ldrb	r3, [r3, #3]
 444 00ea 1B06     		lsls	r3, r3, #24
 445 00ec 1343     		orrs	r3, r2
 446 00ee 1800     		movs	r0, r3
 447 00f0 3B68     		ldr	r3, [r7]
 448 00f2 1A79     		ldrb	r2, [r3, #4]
 449 00f4 5B79     		ldrb	r3, [r3, #5]
 450 00f6 1B02     		lsls	r3, r3, #8
 451 00f8 1343     		orrs	r3, r2
 452 00fa 9BB2     		uxth	r3, r3
 453 00fc 1900     		movs	r1, r3
 454 00fe FFF7FEFF 		bl	CYMEMZERO
 455              	.LBE4:
 333:Generated_Source\PSoC4/cyfitter_cfg.c **** 		{
 456              		.loc 1 333 0 discriminator 3
 457 0102 FB1D     		adds	r3, r7, #7
 458 0104 1A78     		ldrb	r2, [r3]
ARM GAS  C:\Users\MARLOK~1\AppData\Local\Temp\ccEjZZ6I.s 			page 15


 459 0106 FB1D     		adds	r3, r7, #7
 460 0108 0132     		adds	r2, r2, #1
 461 010a 1A70     		strb	r2, [r3]
 462              	.L16:
 333:Generated_Source\PSoC4/cyfitter_cfg.c **** 		{
 463              		.loc 1 333 0 is_stmt 0 discriminator 1
 464 010c FB1D     		adds	r3, r7, #7
 465 010e 1B78     		ldrb	r3, [r3]
 466 0110 012B     		cmp	r3, #1
 467 0112 D8D9     		bls	.L17
 337:Generated_Source\PSoC4/cyfitter_cfg.c **** 		}
 338:Generated_Source\PSoC4/cyfitter_cfg.c **** 
 339:Generated_Source\PSoC4/cyfitter_cfg.c **** 		cfg_write_bytes32(cy_cfg_addr_table, cy_cfg_data_table);
 468              		.loc 1 339 0 is_stmt 1
 469 0114 304A     		ldr	r2, .L18+8
 470 0116 314B     		ldr	r3, .L18+12
 471 0118 1100     		movs	r1, r2
 472 011a 1800     		movs	r0, r3
 473 011c FFF7FEFF 		bl	cfg_write_bytes32
 340:Generated_Source\PSoC4/cyfitter_cfg.c **** 
 341:Generated_Source\PSoC4/cyfitter_cfg.c **** 		/* HSIOM Starting address: CYDEV_HSIOM_BASE */
 342:Generated_Source\PSoC4/cyfitter_cfg.c **** 		CY_SET_REG32((void *)(CYREG_HSIOM_PORT_SEL5), 0x00000099u);
 474              		.loc 1 342 0
 475 0120 2F4B     		ldr	r3, .L18+16
 476 0122 9922     		movs	r2, #153
 477 0124 1A60     		str	r2, [r3]
 343:Generated_Source\PSoC4/cyfitter_cfg.c **** 		CY_SET_REG32((void *)(CYREG_HSIOM_PORT_SEL6), 0x000000EEu);
 478              		.loc 1 343 0
 479 0126 2F4B     		ldr	r3, .L18+20
 480 0128 EE22     		movs	r2, #238
 481 012a 1A60     		str	r2, [r3]
 344:Generated_Source\PSoC4/cyfitter_cfg.c **** 
 345:Generated_Source\PSoC4/cyfitter_cfg.c **** 		/* FORCED_HSIOM Starting address: CYDEV_HSIOM_PORT_SEL3 */
 346:Generated_Source\PSoC4/cyfitter_cfg.c **** 		CY_SET_REG32((void *)(CYREG_HSIOM_PORT_SEL3), 0x00000000u);
 482              		.loc 1 346 0
 483 012c 2E4B     		ldr	r3, .L18+24
 484 012e 0022     		movs	r2, #0
 485 0130 1A60     		str	r2, [r3]
 347:Generated_Source\PSoC4/cyfitter_cfg.c **** 
 348:Generated_Source\PSoC4/cyfitter_cfg.c **** 		/* UDB_PA_0 Starting address: CYDEV_UDB_PA0_BASE */
 349:Generated_Source\PSoC4/cyfitter_cfg.c **** 		CY_SET_REG32((void *)(CYDEV_UDB_PA0_BASE), 0x00990000u);
 486              		.loc 1 349 0
 487 0132 2E4B     		ldr	r3, .L18+28
 488 0134 9922     		movs	r2, #153
 489 0136 1204     		lsls	r2, r2, #16
 490 0138 1A60     		str	r2, [r3]
 350:Generated_Source\PSoC4/cyfitter_cfg.c **** 
 351:Generated_Source\PSoC4/cyfitter_cfg.c **** 		/* UDB_PA_1 Starting address: CYDEV_UDB_PA1_BASE */
 352:Generated_Source\PSoC4/cyfitter_cfg.c **** 		CY_SET_REG32((void *)(CYDEV_UDB_PA1_BASE), 0x00990000u);
 491              		.loc 1 352 0
 492 013a 2D4B     		ldr	r3, .L18+32
 493 013c 9922     		movs	r2, #153
 494 013e 1204     		lsls	r2, r2, #16
 495 0140 1A60     		str	r2, [r3]
 353:Generated_Source\PSoC4/cyfitter_cfg.c **** 
 354:Generated_Source\PSoC4/cyfitter_cfg.c **** 		/* UDB_PA_5 Starting address: CYDEV_UDB_PA5_BASE */
 355:Generated_Source\PSoC4/cyfitter_cfg.c **** 		CY_SET_REG32((void *)(CYDEV_UDB_PA5_BASE), 0x00990000u);
ARM GAS  C:\Users\MARLOK~1\AppData\Local\Temp\ccEjZZ6I.s 			page 16


 496              		.loc 1 355 0
 497 0142 2C4B     		ldr	r3, .L18+36
 498 0144 9922     		movs	r2, #153
 499 0146 1204     		lsls	r2, r2, #16
 500 0148 1A60     		str	r2, [r3]
 356:Generated_Source\PSoC4/cyfitter_cfg.c **** 
 357:Generated_Source\PSoC4/cyfitter_cfg.c **** 		/* UDB_PA_7 Starting address: CYDEV_UDB_PA7_BASE */
 358:Generated_Source\PSoC4/cyfitter_cfg.c **** 		CY_SET_REG32((void *)(CYDEV_UDB_PA7_BASE), 0x00990000u);
 501              		.loc 1 358 0
 502 014a 2B4B     		ldr	r3, .L18+40
 503 014c 9922     		movs	r2, #153
 504 014e 1204     		lsls	r2, r2, #16
 505 0150 1A60     		str	r2, [r3]
 359:Generated_Source\PSoC4/cyfitter_cfg.c **** 
 360:Generated_Source\PSoC4/cyfitter_cfg.c **** 		/* INT_SELECT Starting address: CYDEV_CPUSS_INT_SEL */
 361:Generated_Source\PSoC4/cyfitter_cfg.c **** 		CY_SET_REG32((void *)(CYREG_CPUSS_INT_SEL), 0x00000001u);
 506              		.loc 1 361 0
 507 0152 2A4B     		ldr	r3, .L18+44
 508 0154 0122     		movs	r2, #1
 509 0156 1A60     		str	r2, [r3]
 362:Generated_Source\PSoC4/cyfitter_cfg.c **** 
 363:Generated_Source\PSoC4/cyfitter_cfg.c **** 		/* Enable digital routing */
 364:Generated_Source\PSoC4/cyfitter_cfg.c **** 		CY_SET_XTND_REG8((void *)CYREG_UDB_UDB_BANK_CTL, (uint8)(CY_GET_XTND_REG8((void *)CYREG_UDB_UDB_B
 510              		.loc 1 364 0
 511 0158 294A     		ldr	r2, .L18+48
 512 015a 294B     		ldr	r3, .L18+48
 513 015c 1B78     		ldrb	r3, [r3]
 514 015e DBB2     		uxtb	r3, r3
 515 0160 0621     		movs	r1, #6
 516 0162 0B43     		orrs	r3, r1
 517 0164 DBB2     		uxtb	r3, r3
 518 0166 1370     		strb	r3, [r2]
 519              	.LBE3:
 365:Generated_Source\PSoC4/cyfitter_cfg.c **** 	}
 366:Generated_Source\PSoC4/cyfitter_cfg.c **** 
 367:Generated_Source\PSoC4/cyfitter_cfg.c **** 	/* Perform second pass device configuration. These items must be configured in specific order afte
 368:Generated_Source\PSoC4/cyfitter_cfg.c **** 	/* IOPINS0_1 Starting address: CYDEV_GPIO_PRT1_BASE */
 369:Generated_Source\PSoC4/cyfitter_cfg.c **** 	CY_SET_REG32((void *)(CYDEV_GPIO_PRT1_BASE), 0x000000FFu);
 520              		.loc 1 369 0
 521 0168 264B     		ldr	r3, .L18+52
 522 016a FF22     		movs	r2, #255
 523 016c 1A60     		str	r2, [r3]
 370:Generated_Source\PSoC4/cyfitter_cfg.c **** 	CY_SET_REG32((void *)(CYREG_GPIO_PRT1_PC), 0x00492492u);
 524              		.loc 1 370 0
 525 016e 264B     		ldr	r3, .L18+56
 526 0170 264A     		ldr	r2, .L18+60
 527 0172 1A60     		str	r2, [r3]
 371:Generated_Source\PSoC4/cyfitter_cfg.c **** 
 372:Generated_Source\PSoC4/cyfitter_cfg.c **** 	/* IOPINS0_3 Starting address: CYDEV_GPIO_PRT3_BASE */
 373:Generated_Source\PSoC4/cyfitter_cfg.c **** 	CY_SET_REG32((void *)(CYDEV_GPIO_PRT3_BASE), 0x00000018u);
 528              		.loc 1 373 0
 529 0174 264B     		ldr	r3, .L18+64
 530 0176 1822     		movs	r2, #24
 531 0178 1A60     		str	r2, [r3]
 374:Generated_Source\PSoC4/cyfitter_cfg.c **** 	CY_SET_REG32((void *)(CYREG_GPIO_PRT3_PC), 0x00002400u);
 532              		.loc 1 374 0
 533 017a 264B     		ldr	r3, .L18+68
ARM GAS  C:\Users\MARLOK~1\AppData\Local\Temp\ccEjZZ6I.s 			page 17


 534 017c 9022     		movs	r2, #144
 535 017e 9201     		lsls	r2, r2, #6
 536 0180 1A60     		str	r2, [r3]
 375:Generated_Source\PSoC4/cyfitter_cfg.c **** 	CY_SET_REG32((void *)(CYREG_GPIO_PRT3_INTR_CFG), 0x00000280u);
 537              		.loc 1 375 0
 538 0182 254B     		ldr	r3, .L18+72
 539 0184 A022     		movs	r2, #160
 540 0186 9200     		lsls	r2, r2, #2
 541 0188 1A60     		str	r2, [r3]
 376:Generated_Source\PSoC4/cyfitter_cfg.c **** 
 377:Generated_Source\PSoC4/cyfitter_cfg.c **** 	/* IOPINS0_4 Starting address: CYDEV_GPIO_PRT4_BASE */
 378:Generated_Source\PSoC4/cyfitter_cfg.c **** 	CY_SET_REG32((void *)(CYREG_GPIO_PRT4_PC), 0x00C00000u);
 542              		.loc 1 378 0
 543 018a 244B     		ldr	r3, .L18+76
 544 018c C022     		movs	r2, #192
 545 018e 1204     		lsls	r2, r2, #16
 546 0190 1A60     		str	r2, [r3]
 379:Generated_Source\PSoC4/cyfitter_cfg.c **** 
 380:Generated_Source\PSoC4/cyfitter_cfg.c **** 	/* IOPINS0_5 Starting address: CYDEV_GPIO_PRT5_BASE */
 381:Generated_Source\PSoC4/cyfitter_cfg.c **** 	CY_SET_REG32((void *)(CYDEV_GPIO_PRT5_BASE), 0x00000002u);
 547              		.loc 1 381 0
 548 0192 234B     		ldr	r3, .L18+80
 549 0194 0222     		movs	r2, #2
 550 0196 1A60     		str	r2, [r3]
 382:Generated_Source\PSoC4/cyfitter_cfg.c **** 	CY_SET_REG32((void *)(CYREG_GPIO_PRT5_PC), 0x00000031u);
 551              		.loc 1 382 0
 552 0198 224B     		ldr	r3, .L18+84
 553 019a 3122     		movs	r2, #49
 554 019c 1A60     		str	r2, [r3]
 383:Generated_Source\PSoC4/cyfitter_cfg.c **** 	CY_SET_REG32((void *)(CYREG_GPIO_PRT5_INTR_CFG), 0x00000002u);
 555              		.loc 1 383 0
 556 019e 224B     		ldr	r3, .L18+88
 557 01a0 0222     		movs	r2, #2
 558 01a2 1A60     		str	r2, [r3]
 384:Generated_Source\PSoC4/cyfitter_cfg.c **** 	CY_SET_REG32((void *)(CYREG_GPIO_PRT5_PC2), 0x00000002u);
 559              		.loc 1 384 0
 560 01a4 214B     		ldr	r3, .L18+92
 561 01a6 0222     		movs	r2, #2
 562 01a8 1A60     		str	r2, [r3]
 385:Generated_Source\PSoC4/cyfitter_cfg.c **** 
 386:Generated_Source\PSoC4/cyfitter_cfg.c **** 	/* IOPINS0_6 Starting address: CYDEV_GPIO_PRT6_BASE */
 387:Generated_Source\PSoC4/cyfitter_cfg.c **** 	CY_SET_REG32((void *)(CYDEV_GPIO_PRT6_BASE), 0x00000003u);
 563              		.loc 1 387 0
 564 01aa 214B     		ldr	r3, .L18+96
 565 01ac 0322     		movs	r2, #3
 566 01ae 1A60     		str	r2, [r3]
 388:Generated_Source\PSoC4/cyfitter_cfg.c **** 	CY_SET_REG32((void *)(CYREG_GPIO_PRT6_PC), 0x00006DA4u);
 567              		.loc 1 388 0
 568 01b0 204B     		ldr	r3, .L18+100
 569 01b2 214A     		ldr	r2, .L18+104
 570 01b4 1A60     		str	r2, [r3]
 389:Generated_Source\PSoC4/cyfitter_cfg.c **** 
 390:Generated_Source\PSoC4/cyfitter_cfg.c **** 	/* IOPINS0_7 Starting address: CYDEV_GPIO_PRT7_BASE */
 391:Generated_Source\PSoC4/cyfitter_cfg.c **** 	CY_SET_REG32((void *)(CYREG_GPIO_PRT7_PC), 0x000001B6u);
 571              		.loc 1 391 0
 572 01b6 214B     		ldr	r3, .L18+108
 573 01b8 DB22     		movs	r2, #219
ARM GAS  C:\Users\MARLOK~1\AppData\Local\Temp\ccEjZZ6I.s 			page 18


 574 01ba 5200     		lsls	r2, r2, #1
 575 01bc 1A60     		str	r2, [r3]
 392:Generated_Source\PSoC4/cyfitter_cfg.c **** 
 393:Generated_Source\PSoC4/cyfitter_cfg.c **** 
 394:Generated_Source\PSoC4/cyfitter_cfg.c **** 	/* Setup clocks based on selections from Clock DWR */
 395:Generated_Source\PSoC4/cyfitter_cfg.c **** 	ClockSetup();
 576              		.loc 1 395 0
 577 01be FFF71FFF 		bl	ClockSetup
 396:Generated_Source\PSoC4/cyfitter_cfg.c **** 
 397:Generated_Source\PSoC4/cyfitter_cfg.c **** 	/* Perform basic analog initialization to defaults */
 398:Generated_Source\PSoC4/cyfitter_cfg.c **** 	AnalogSetDefault();
 578              		.loc 1 398 0
 579 01c2 FFF7FEFF 		bl	AnalogSetDefault
 399:Generated_Source\PSoC4/cyfitter_cfg.c **** 
 400:Generated_Source\PSoC4/cyfitter_cfg.c **** }
 580              		.loc 1 400 0
 581 01c6 C046     		nop
 582 01c8 BD46     		mov	sp, r7
 583 01ca 02B0     		add	sp, sp, #8
 584              		@ sp needed
 585 01cc 80BD     		pop	{r7, pc}
 586              	.L19:
 587 01ce C046     		.align	2
 588              	.L18:
 589 01d0 1C700F40 		.word	1074753564
 590 01d4 00000000 		.word	cfg_memset_list.4971
 591 01d8 14000000 		.word	cy_cfg_data_table.4966
 592 01dc 0C000000 		.word	cy_cfg_addr_table.4965
 593 01e0 00050240 		.word	1073874176
 594 01e4 00060240 		.word	1073874432
 595 01e8 00030240 		.word	1073873664
 596 01ec 00500F40 		.word	1074745344
 597 01f0 10500F40 		.word	1074745360
 598 01f4 50500F40 		.word	1074745424
 599 01f8 70500F40 		.word	1074745456
 600 01fc 20001040 		.word	1074790432
 601 0200 00700F40 		.word	1074753536
 602 0204 00010440 		.word	1074004224
 603 0208 08010440 		.word	1074004232
 604 020c 92244900 		.word	4793490
 605 0210 00030440 		.word	1074004736
 606 0214 08030440 		.word	1074004744
 607 0218 0C030440 		.word	1074004748
 608 021c 08040440 		.word	1074005000
 609 0220 00050440 		.word	1074005248
 610 0224 08050440 		.word	1074005256
 611 0228 0C050440 		.word	1074005260
 612 022c 18050440 		.word	1074005272
 613 0230 00060440 		.word	1074005504
 614 0234 08060440 		.word	1074005512
 615 0238 A46D0000 		.word	28068
 616 023c 08070440 		.word	1074005768
 617              		.cfi_endproc
 618              	.LFE7:
 619              		.size	cyfitter_cfg, .-cyfitter_cfg
 620              		.section	.rodata
 621              		.align	2
ARM GAS  C:\Users\MARLOK~1\AppData\Local\Temp\ccEjZZ6I.s 			page 19


 622              		.type	cfg_memset_list.4971, %object
 623              		.size	cfg_memset_list.4971, 12
 624              	cfg_memset_list.4971:
 625 0000 00300F40 		.word	1074737152
 626 0004 0008     		.short	2048
 627 0006 00400F40 		.4byte	1074741248
 628 000a 0008     		.short	2048
 629              		.align	2
 630              		.type	cy_cfg_addr_table.4965, %object
 631              		.size	cy_cfg_addr_table.4965, 8
 632              	cy_cfg_addr_table.4965:
 633 000c 02400F40 		.word	1074741250
 634 0010 03410F40 		.word	1074741507
 635              		.align	2
 636              		.type	cy_cfg_data_table.4966, %object
 637              		.size	cy_cfg_data_table.4966, 10
 638              	cy_cfg_data_table.4966:
 639 0014 6A       		.byte	106
 640 0015 40       		.byte	64
 641 0016 DA       		.byte	-38
 642 0017 40       		.byte	64
 643 0018 1E       		.byte	30
 644 0019 40       		.byte	64
 645 001a 96       		.byte	-106
 646 001b 40       		.byte	64
 647 001c C6       		.byte	-58
 648 001d 20       		.byte	32
 649              		.text
 650              	.Letext0:
 651              		.file 2 "c:\\program files (x86)\\cypress\\psoc creator\\4.2\\psoc creator\\import\\gnu\\arm\\5.4.
 652              		.file 3 "Generated_Source\\PSoC4\\cytypes.h"
 653              		.section	.debug_info,"",%progbits
 654              	.Ldebug_info0:
 655 0000 5A030000 		.4byte	0x35a
 656 0004 0400     		.2byte	0x4
 657 0006 00000000 		.4byte	.Ldebug_abbrev0
 658 000a 04       		.byte	0x4
 659 000b 01       		.uleb128 0x1
 660 000c D7000000 		.4byte	.LASF40
 661 0010 0C       		.byte	0xc
 662 0011 73020000 		.4byte	.LASF41
 663 0015 00000000 		.4byte	.LASF42
 664 0019 00000000 		.4byte	.Ldebug_ranges0+0
 665 001d 00000000 		.4byte	0
 666 0021 00000000 		.4byte	.Ldebug_line0
 667 0025 02       		.uleb128 0x2
 668 0026 04       		.byte	0x4
 669 0027 05       		.byte	0x5
 670 0028 696E7400 		.ascii	"int\000"
 671 002c 03       		.uleb128 0x3
 672 002d 3D000000 		.4byte	.LASF12
 673 0031 02       		.byte	0x2
 674 0032 D8       		.byte	0xd8
 675 0033 37000000 		.4byte	0x37
 676 0037 04       		.uleb128 0x4
 677 0038 04       		.byte	0x4
 678 0039 07       		.byte	0x7
ARM GAS  C:\Users\MARLOK~1\AppData\Local\Temp\ccEjZZ6I.s 			page 20


 679 003a BD010000 		.4byte	.LASF0
 680 003e 04       		.uleb128 0x4
 681 003f 08       		.byte	0x8
 682 0040 05       		.byte	0x5
 683 0041 1B020000 		.4byte	.LASF1
 684 0045 04       		.uleb128 0x4
 685 0046 08       		.byte	0x8
 686 0047 04       		.byte	0x4
 687 0048 5B020000 		.4byte	.LASF2
 688 004c 04       		.uleb128 0x4
 689 004d 01       		.byte	0x1
 690 004e 06       		.byte	0x6
 691 004f 67020000 		.4byte	.LASF3
 692 0053 04       		.uleb128 0x4
 693 0054 01       		.byte	0x1
 694 0055 08       		.byte	0x8
 695 0056 65010000 		.4byte	.LASF4
 696 005a 04       		.uleb128 0x4
 697 005b 02       		.byte	0x2
 698 005c 05       		.byte	0x5
 699 005d 48020000 		.4byte	.LASF5
 700 0061 04       		.uleb128 0x4
 701 0062 02       		.byte	0x2
 702 0063 07       		.byte	0x7
 703 0064 08020000 		.4byte	.LASF6
 704 0068 04       		.uleb128 0x4
 705 0069 04       		.byte	0x4
 706 006a 05       		.byte	0x5
 707 006b 52020000 		.4byte	.LASF7
 708 006f 04       		.uleb128 0x4
 709 0070 04       		.byte	0x4
 710 0071 07       		.byte	0x7
 711 0072 B5000000 		.4byte	.LASF8
 712 0076 04       		.uleb128 0x4
 713 0077 08       		.byte	0x8
 714 0078 07       		.byte	0x7
 715 0079 D2010000 		.4byte	.LASF9
 716 007d 04       		.uleb128 0x4
 717 007e 04       		.byte	0x4
 718 007f 07       		.byte	0x7
 719 0080 FF010000 		.4byte	.LASF10
 720 0084 05       		.uleb128 0x5
 721 0085 04       		.byte	0x4
 722 0086 04       		.uleb128 0x4
 723 0087 01       		.byte	0x1
 724 0088 08       		.byte	0x8
 725 0089 29020000 		.4byte	.LASF11
 726 008d 06       		.uleb128 0x6
 727 008e C7000000 		.4byte	.LASF13
 728 0092 03       		.byte	0x3
 729 0093 D201     		.2byte	0x1d2
 730 0095 53000000 		.4byte	0x53
 731 0099 06       		.uleb128 0x6
 732 009a A4010000 		.4byte	.LASF14
 733 009e 03       		.byte	0x3
 734 009f D301     		.2byte	0x1d3
 735 00a1 61000000 		.4byte	0x61
ARM GAS  C:\Users\MARLOK~1\AppData\Local\Temp\ccEjZZ6I.s 			page 21


 736 00a5 06       		.uleb128 0x6
 737 00a6 B6010000 		.4byte	.LASF15
 738 00aa 03       		.byte	0x3
 739 00ab D401     		.2byte	0x1d4
 740 00ad 6F000000 		.4byte	0x6f
 741 00b1 04       		.uleb128 0x4
 742 00b2 04       		.byte	0x4
 743 00b3 04       		.byte	0x4
 744 00b4 90000000 		.4byte	.LASF16
 745 00b8 04       		.uleb128 0x4
 746 00b9 08       		.byte	0x8
 747 00ba 04       		.byte	0x4
 748 00bb 73010000 		.4byte	.LASF17
 749 00bf 06       		.uleb128 0x6
 750 00c0 B0000000 		.4byte	.LASF18
 751 00c4 03       		.byte	0x3
 752 00c5 7C02     		.2byte	0x27c
 753 00c7 CB000000 		.4byte	0xcb
 754 00cb 07       		.uleb128 0x7
 755 00cc 8D000000 		.4byte	0x8d
 756 00d0 06       		.uleb128 0x6
 757 00d1 37000000 		.4byte	.LASF19
 758 00d5 03       		.byte	0x3
 759 00d6 7E02     		.2byte	0x27e
 760 00d8 DC000000 		.4byte	0xdc
 761 00dc 07       		.uleb128 0x7
 762 00dd A5000000 		.4byte	0xa5
 763 00e1 08       		.uleb128 0x8
 764 00e2 02       		.byte	0x2
 765 00e3 01       		.byte	0x1
 766 00e4 96       		.byte	0x96
 767 00e5 02010000 		.4byte	0x102
 768 00e9 09       		.uleb128 0x9
 769 00ea 41020000 		.4byte	.LASF20
 770 00ee 01       		.byte	0x1
 771 00ef 98       		.byte	0x98
 772 00f0 8D000000 		.4byte	0x8d
 773 00f4 00       		.byte	0
 774 00f5 09       		.uleb128 0x9
 775 00f6 55000000 		.4byte	.LASF21
 776 00fa 01       		.byte	0x1
 777 00fb 99       		.byte	0x99
 778 00fc 8D000000 		.4byte	0x8d
 779 0100 01       		.byte	0x1
 780 0101 00       		.byte	0
 781 0102 03       		.uleb128 0x3
 782 0103 2E020000 		.4byte	.LASF22
 783 0107 01       		.byte	0x1
 784 0108 9A       		.byte	0x9a
 785 0109 E1000000 		.4byte	0xe1
 786 010d 0A       		.uleb128 0xa
 787 010e CD000000 		.4byte	.LASF23
 788 0112 01       		.byte	0x1
 789 0113 4B       		.byte	0x4b
 790 0114 00000000 		.4byte	.LFB1
 791 0118 1E000000 		.4byte	.LFE1-.LFB1
 792 011c 01       		.uleb128 0x1
ARM GAS  C:\Users\MARLOK~1\AppData\Local\Temp\ccEjZZ6I.s 			page 22


 793 011d 9C       		.byte	0x9c
 794 011e 3B010000 		.4byte	0x13b
 795 0122 0B       		.uleb128 0xb
 796 0123 7300     		.ascii	"s\000"
 797 0125 01       		.byte	0x1
 798 0126 4B       		.byte	0x4b
 799 0127 84000000 		.4byte	0x84
 800 012b 02       		.uleb128 0x2
 801 012c 91       		.byte	0x91
 802 012d 74       		.sleb128 -12
 803 012e 0B       		.uleb128 0xb
 804 012f 6E00     		.ascii	"n\000"
 805 0131 01       		.byte	0x1
 806 0132 4B       		.byte	0x4b
 807 0133 2C000000 		.4byte	0x2c
 808 0137 02       		.uleb128 0x2
 809 0138 91       		.byte	0x91
 810 0139 70       		.sleb128 -16
 811 013a 00       		.byte	0
 812 013b 0A       		.uleb128 0xa
 813 013c A9020000 		.4byte	.LASF24
 814 0140 01       		.byte	0x1
 815 0141 52       		.byte	0x52
 816 0142 00000000 		.4byte	.LFB2
 817 0146 20000000 		.4byte	.LFE2-.LFB2
 818 014a 01       		.uleb128 0x1
 819 014b 9C       		.byte	0x9c
 820 014c 79010000 		.4byte	0x179
 821 0150 0C       		.uleb128 0xc
 822 0151 96000000 		.4byte	.LASF25
 823 0155 01       		.byte	0x1
 824 0156 52       		.byte	0x52
 825 0157 84000000 		.4byte	0x84
 826 015b 02       		.uleb128 0x2
 827 015c 91       		.byte	0x91
 828 015d 74       		.sleb128 -12
 829 015e 0B       		.uleb128 0xb
 830 015f 73726300 		.ascii	"src\000"
 831 0163 01       		.byte	0x1
 832 0164 52       		.byte	0x52
 833 0165 79010000 		.4byte	0x179
 834 0169 02       		.uleb128 0x2
 835 016a 91       		.byte	0x91
 836 016b 70       		.sleb128 -16
 837 016c 0B       		.uleb128 0xb
 838 016d 6E00     		.ascii	"n\000"
 839 016f 01       		.byte	0x1
 840 0170 52       		.byte	0x52
 841 0171 2C000000 		.4byte	0x2c
 842 0175 02       		.uleb128 0x2
 843 0176 91       		.byte	0x91
 844 0177 6C       		.sleb128 -20
 845 0178 00       		.byte	0
 846 0179 0D       		.uleb128 0xd
 847 017a 04       		.byte	0x4
 848 017b 7F010000 		.4byte	0x17f
 849 017f 0E       		.uleb128 0xe
ARM GAS  C:\Users\MARLOK~1\AppData\Local\Temp\ccEjZZ6I.s 			page 23


 850 0180 0A       		.uleb128 0xa
 851 0181 99020000 		.4byte	.LASF26
 852 0185 01       		.byte	0x1
 853 0186 59       		.byte	0x59
 854 0187 00000000 		.4byte	.LFB3
 855 018b 20000000 		.4byte	.LFE3-.LFB3
 856 018f 01       		.uleb128 0x1
 857 0190 9C       		.byte	0x9c
 858 0191 BE010000 		.4byte	0x1be
 859 0195 0C       		.uleb128 0xc
 860 0196 96000000 		.4byte	.LASF25
 861 019a 01       		.byte	0x1
 862 019b 59       		.byte	0x59
 863 019c 84000000 		.4byte	0x84
 864 01a0 02       		.uleb128 0x2
 865 01a1 91       		.byte	0x91
 866 01a2 74       		.sleb128 -12
 867 01a3 0B       		.uleb128 0xb
 868 01a4 73726300 		.ascii	"src\000"
 869 01a8 01       		.byte	0x1
 870 01a9 59       		.byte	0x59
 871 01aa 79010000 		.4byte	0x179
 872 01ae 02       		.uleb128 0x2
 873 01af 91       		.byte	0x91
 874 01b0 70       		.sleb128 -16
 875 01b1 0B       		.uleb128 0xb
 876 01b2 6E00     		.ascii	"n\000"
 877 01b4 01       		.byte	0x1
 878 01b5 59       		.byte	0x59
 879 01b6 2C000000 		.4byte	0x2c
 880 01ba 02       		.uleb128 0x2
 881 01bb 91       		.byte	0x91
 882 01bc 6C       		.sleb128 -20
 883 01bd 00       		.byte	0
 884 01be 0F       		.uleb128 0xf
 885 01bf 7A010000 		.4byte	.LASF27
 886 01c3 01       		.byte	0x1
 887 01c4 AD       		.byte	0xad
 888 01c5 00000000 		.4byte	.LFB4
 889 01c9 82000000 		.4byte	.LFE4-.LFB4
 890 01cd 01       		.uleb128 0x1
 891 01ce 9C       		.byte	0x9c
 892 01cf 2E020000 		.4byte	0x22e
 893 01d3 0C       		.uleb128 0xc
 894 01d4 99010000 		.4byte	.LASF28
 895 01d8 01       		.byte	0x1
 896 01d9 AD       		.byte	0xad
 897 01da 2E020000 		.4byte	0x22e
 898 01de 02       		.uleb128 0x2
 899 01df 91       		.byte	0x91
 900 01e0 64       		.sleb128 -28
 901 01e1 0C       		.uleb128 0xc
 902 01e2 AB010000 		.4byte	.LASF29
 903 01e6 01       		.byte	0x1
 904 01e7 AD       		.byte	0xad
 905 01e8 39020000 		.4byte	0x239
 906 01ec 02       		.uleb128 0x2
ARM GAS  C:\Users\MARLOK~1\AppData\Local\Temp\ccEjZZ6I.s 			page 24


 907 01ed 91       		.byte	0x91
 908 01ee 60       		.sleb128 -32
 909 01ef 10       		.uleb128 0x10
 910 01f0 6900     		.ascii	"i\000"
 911 01f2 01       		.byte	0x1
 912 01f3 B0       		.byte	0xb0
 913 01f4 A5000000 		.4byte	0xa5
 914 01f8 02       		.uleb128 0x2
 915 01f9 91       		.byte	0x91
 916 01fa 74       		.sleb128 -12
 917 01fb 10       		.uleb128 0x10
 918 01fc 6A00     		.ascii	"j\000"
 919 01fe 01       		.byte	0x1
 920 01ff B0       		.byte	0xb0
 921 0200 A5000000 		.4byte	0xa5
 922 0204 02       		.uleb128 0x2
 923 0205 91       		.byte	0x91
 924 0206 70       		.sleb128 -16
 925 0207 11       		.uleb128 0x11
 926 0208 14000000 		.4byte	.LBB2
 927 020c 5A000000 		.4byte	.LBE2-.LBB2
 928 0210 12       		.uleb128 0x12
 929 0211 F6010000 		.4byte	.LASF30
 930 0215 01       		.byte	0x1
 931 0216 B3       		.byte	0xb3
 932 0217 A5000000 		.4byte	0xa5
 933 021b 02       		.uleb128 0x2
 934 021c 91       		.byte	0x91
 935 021d 68       		.sleb128 -24
 936 021e 12       		.uleb128 0x12
 937 021f 5B000000 		.4byte	.LASF31
 938 0223 01       		.byte	0x1
 939 0224 B4       		.byte	0xb4
 940 0225 8D000000 		.4byte	0x8d
 941 0229 02       		.uleb128 0x2
 942 022a 91       		.byte	0x91
 943 022b 6F       		.sleb128 -17
 944 022c 00       		.byte	0
 945 022d 00       		.byte	0
 946 022e 0D       		.uleb128 0xd
 947 022f 04       		.byte	0x4
 948 0230 34020000 		.4byte	0x234
 949 0234 13       		.uleb128 0x13
 950 0235 A5000000 		.4byte	0xa5
 951 0239 0D       		.uleb128 0xd
 952 023a 04       		.byte	0x4
 953 023b 3F020000 		.4byte	0x23f
 954 023f 13       		.uleb128 0x13
 955 0240 02010000 		.4byte	0x102
 956 0244 14       		.uleb128 0x14
 957 0245 61000000 		.4byte	.LASF32
 958 0249 01       		.byte	0x1
 959 024a D2       		.byte	0xd2
 960 024b 00000000 		.4byte	.LFB5
 961 024f B0000000 		.4byte	.LFE5-.LFB5
 962 0253 01       		.uleb128 0x1
 963 0254 9C       		.byte	0x9c
ARM GAS  C:\Users\MARLOK~1\AppData\Local\Temp\ccEjZZ6I.s 			page 25


 964 0255 15       		.uleb128 0x15
 965 0256 44000000 		.4byte	.LASF33
 966 025a 01       		.byte	0x1
 967 025b 0D01     		.2byte	0x10d
 968 025d 00000000 		.4byte	.LFB6
 969 0261 28000000 		.4byte	.LFE6-.LFB6
 970 0265 01       		.uleb128 0x1
 971 0266 9C       		.byte	0x9c
 972 0267 16       		.uleb128 0x16
 973 0268 8C010000 		.4byte	.LASF43
 974 026c 01       		.byte	0x1
 975 026d 2801     		.2byte	0x128
 976 026f B0000000 		.4byte	.LFB7
 977 0273 90010000 		.4byte	.LFE7-.LFB7
 978 0277 01       		.uleb128 0x1
 979 0278 9C       		.byte	0x9c
 980 0279 33030000 		.4byte	0x333
 981 027d 11       		.uleb128 0x11
 982 027e BE000000 		.4byte	.LBB3
 983 0282 AA000000 		.4byte	.LBE3-.LBB3
 984 0286 17       		.uleb128 0x17
 985 0287 6C000000 		.4byte	.LASF34
 986 028b 01       		.byte	0x1
 987 028c 3001     		.2byte	0x130
 988 028e 43030000 		.4byte	0x343
 989 0292 05       		.uleb128 0x5
 990 0293 03       		.byte	0x3
 991 0294 0C000000 		.4byte	cy_cfg_addr_table.4965
 992 0298 17       		.uleb128 0x17
 993 0299 7E000000 		.4byte	.LASF35
 994 029d 01       		.byte	0x1
 995 029e 3501     		.2byte	0x135
 996 02a0 58030000 		.4byte	0x358
 997 02a4 05       		.uleb128 0x5
 998 02a5 03       		.byte	0x3
 999 02a6 14000000 		.4byte	cy_cfg_data_table.4966
 1000 02aa 18       		.uleb128 0x18
 1001 02ab 06       		.byte	0x6
 1002 02ac 01       		.byte	0x1
 1003 02ad 3F01     		.2byte	0x13f
 1004 02af CE020000 		.4byte	0x2ce
 1005 02b3 19       		.uleb128 0x19
 1006 02b4 CA010000 		.4byte	.LASF36
 1007 02b8 01       		.byte	0x1
 1008 02b9 4001     		.2byte	0x140
 1009 02bb 84000000 		.4byte	0x84
 1010 02bf 00       		.byte	0
 1011 02c0 19       		.uleb128 0x19
 1012 02c1 AB000000 		.4byte	.LASF37
 1013 02c5 01       		.byte	0x1
 1014 02c6 4101     		.2byte	0x141
 1015 02c8 99000000 		.4byte	0x99
 1016 02cc 04       		.byte	0x4
 1017 02cd 00       		.byte	0
 1018 02ce 06       		.uleb128 0x6
 1019 02cf E9010000 		.4byte	.LASF38
 1020 02d3 01       		.byte	0x1
ARM GAS  C:\Users\MARLOK~1\AppData\Local\Temp\ccEjZZ6I.s 			page 26


 1021 02d4 4201     		.2byte	0x142
 1022 02d6 AA020000 		.4byte	0x2aa
 1023 02da 1A       		.uleb128 0x1a
 1024 02db EA020000 		.4byte	0x2ea
 1025 02df EA020000 		.4byte	0x2ea
 1026 02e3 1B       		.uleb128 0x1b
 1027 02e4 7D000000 		.4byte	0x7d
 1028 02e8 01       		.byte	0x1
 1029 02e9 00       		.byte	0
 1030 02ea 13       		.uleb128 0x13
 1031 02eb CE020000 		.4byte	0x2ce
 1032 02ef 17       		.uleb128 0x17
 1033 02f0 9B000000 		.4byte	.LASF39
 1034 02f4 01       		.byte	0x1
 1035 02f5 4401     		.2byte	0x144
 1036 02f7 01030000 		.4byte	0x301
 1037 02fb 05       		.uleb128 0x5
 1038 02fc 03       		.byte	0x3
 1039 02fd 00000000 		.4byte	cfg_memset_list.4971
 1040 0301 13       		.uleb128 0x13
 1041 0302 DA020000 		.4byte	0x2da
 1042 0306 1C       		.uleb128 0x1c
 1043 0307 6900     		.ascii	"i\000"
 1044 0309 01       		.byte	0x1
 1045 030a 4A01     		.2byte	0x14a
 1046 030c 8D000000 		.4byte	0x8d
 1047 0310 02       		.uleb128 0x2
 1048 0311 91       		.byte	0x91
 1049 0312 77       		.sleb128 -9
 1050 0313 11       		.uleb128 0x11
 1051 0314 C6000000 		.4byte	.LBB4
 1052 0318 3C000000 		.4byte	.LBE4-.LBB4
 1053 031c 1C       		.uleb128 0x1c
 1054 031d 6D7300   		.ascii	"ms\000"
 1055 0320 01       		.byte	0x1
 1056 0321 4F01     		.2byte	0x14f
 1057 0323 2A030000 		.4byte	0x32a
 1058 0327 02       		.uleb128 0x2
 1059 0328 91       		.byte	0x91
 1060 0329 70       		.sleb128 -16
 1061 032a 0D       		.uleb128 0xd
 1062 032b 04       		.byte	0x4
 1063 032c EA020000 		.4byte	0x2ea
 1064 0330 00       		.byte	0
 1065 0331 00       		.byte	0
 1066 0332 00       		.byte	0
 1067 0333 1A       		.uleb128 0x1a
 1068 0334 34020000 		.4byte	0x234
 1069 0338 43030000 		.4byte	0x343
 1070 033c 1B       		.uleb128 0x1b
 1071 033d 7D000000 		.4byte	0x7d
 1072 0341 01       		.byte	0x1
 1073 0342 00       		.byte	0
 1074 0343 13       		.uleb128 0x13
 1075 0344 33030000 		.4byte	0x333
 1076 0348 1A       		.uleb128 0x1a
 1077 0349 3F020000 		.4byte	0x23f
ARM GAS  C:\Users\MARLOK~1\AppData\Local\Temp\ccEjZZ6I.s 			page 27


 1078 034d 58030000 		.4byte	0x358
 1079 0351 1B       		.uleb128 0x1b
 1080 0352 7D000000 		.4byte	0x7d
 1081 0356 04       		.byte	0x4
 1082 0357 00       		.byte	0
 1083 0358 13       		.uleb128 0x13
 1084 0359 48030000 		.4byte	0x348
 1085 035d 00       		.byte	0
 1086              		.section	.debug_abbrev,"",%progbits
 1087              	.Ldebug_abbrev0:
 1088 0000 01       		.uleb128 0x1
 1089 0001 11       		.uleb128 0x11
 1090 0002 01       		.byte	0x1
 1091 0003 25       		.uleb128 0x25
 1092 0004 0E       		.uleb128 0xe
 1093 0005 13       		.uleb128 0x13
 1094 0006 0B       		.uleb128 0xb
 1095 0007 03       		.uleb128 0x3
 1096 0008 0E       		.uleb128 0xe
 1097 0009 1B       		.uleb128 0x1b
 1098 000a 0E       		.uleb128 0xe
 1099 000b 55       		.uleb128 0x55
 1100 000c 17       		.uleb128 0x17
 1101 000d 11       		.uleb128 0x11
 1102 000e 01       		.uleb128 0x1
 1103 000f 10       		.uleb128 0x10
 1104 0010 17       		.uleb128 0x17
 1105 0011 00       		.byte	0
 1106 0012 00       		.byte	0
 1107 0013 02       		.uleb128 0x2
 1108 0014 24       		.uleb128 0x24
 1109 0015 00       		.byte	0
 1110 0016 0B       		.uleb128 0xb
 1111 0017 0B       		.uleb128 0xb
 1112 0018 3E       		.uleb128 0x3e
 1113 0019 0B       		.uleb128 0xb
 1114 001a 03       		.uleb128 0x3
 1115 001b 08       		.uleb128 0x8
 1116 001c 00       		.byte	0
 1117 001d 00       		.byte	0
 1118 001e 03       		.uleb128 0x3
 1119 001f 16       		.uleb128 0x16
 1120 0020 00       		.byte	0
 1121 0021 03       		.uleb128 0x3
 1122 0022 0E       		.uleb128 0xe
 1123 0023 3A       		.uleb128 0x3a
 1124 0024 0B       		.uleb128 0xb
 1125 0025 3B       		.uleb128 0x3b
 1126 0026 0B       		.uleb128 0xb
 1127 0027 49       		.uleb128 0x49
 1128 0028 13       		.uleb128 0x13
 1129 0029 00       		.byte	0
 1130 002a 00       		.byte	0
 1131 002b 04       		.uleb128 0x4
 1132 002c 24       		.uleb128 0x24
 1133 002d 00       		.byte	0
 1134 002e 0B       		.uleb128 0xb
ARM GAS  C:\Users\MARLOK~1\AppData\Local\Temp\ccEjZZ6I.s 			page 28


 1135 002f 0B       		.uleb128 0xb
 1136 0030 3E       		.uleb128 0x3e
 1137 0031 0B       		.uleb128 0xb
 1138 0032 03       		.uleb128 0x3
 1139 0033 0E       		.uleb128 0xe
 1140 0034 00       		.byte	0
 1141 0035 00       		.byte	0
 1142 0036 05       		.uleb128 0x5
 1143 0037 0F       		.uleb128 0xf
 1144 0038 00       		.byte	0
 1145 0039 0B       		.uleb128 0xb
 1146 003a 0B       		.uleb128 0xb
 1147 003b 00       		.byte	0
 1148 003c 00       		.byte	0
 1149 003d 06       		.uleb128 0x6
 1150 003e 16       		.uleb128 0x16
 1151 003f 00       		.byte	0
 1152 0040 03       		.uleb128 0x3
 1153 0041 0E       		.uleb128 0xe
 1154 0042 3A       		.uleb128 0x3a
 1155 0043 0B       		.uleb128 0xb
 1156 0044 3B       		.uleb128 0x3b
 1157 0045 05       		.uleb128 0x5
 1158 0046 49       		.uleb128 0x49
 1159 0047 13       		.uleb128 0x13
 1160 0048 00       		.byte	0
 1161 0049 00       		.byte	0
 1162 004a 07       		.uleb128 0x7
 1163 004b 35       		.uleb128 0x35
 1164 004c 00       		.byte	0
 1165 004d 49       		.uleb128 0x49
 1166 004e 13       		.uleb128 0x13
 1167 004f 00       		.byte	0
 1168 0050 00       		.byte	0
 1169 0051 08       		.uleb128 0x8
 1170 0052 13       		.uleb128 0x13
 1171 0053 01       		.byte	0x1
 1172 0054 0B       		.uleb128 0xb
 1173 0055 0B       		.uleb128 0xb
 1174 0056 3A       		.uleb128 0x3a
 1175 0057 0B       		.uleb128 0xb
 1176 0058 3B       		.uleb128 0x3b
 1177 0059 0B       		.uleb128 0xb
 1178 005a 01       		.uleb128 0x1
 1179 005b 13       		.uleb128 0x13
 1180 005c 00       		.byte	0
 1181 005d 00       		.byte	0
 1182 005e 09       		.uleb128 0x9
 1183 005f 0D       		.uleb128 0xd
 1184 0060 00       		.byte	0
 1185 0061 03       		.uleb128 0x3
 1186 0062 0E       		.uleb128 0xe
 1187 0063 3A       		.uleb128 0x3a
 1188 0064 0B       		.uleb128 0xb
 1189 0065 3B       		.uleb128 0x3b
 1190 0066 0B       		.uleb128 0xb
 1191 0067 49       		.uleb128 0x49
ARM GAS  C:\Users\MARLOK~1\AppData\Local\Temp\ccEjZZ6I.s 			page 29


 1192 0068 13       		.uleb128 0x13
 1193 0069 38       		.uleb128 0x38
 1194 006a 0B       		.uleb128 0xb
 1195 006b 00       		.byte	0
 1196 006c 00       		.byte	0
 1197 006d 0A       		.uleb128 0xa
 1198 006e 2E       		.uleb128 0x2e
 1199 006f 01       		.byte	0x1
 1200 0070 03       		.uleb128 0x3
 1201 0071 0E       		.uleb128 0xe
 1202 0072 3A       		.uleb128 0x3a
 1203 0073 0B       		.uleb128 0xb
 1204 0074 3B       		.uleb128 0x3b
 1205 0075 0B       		.uleb128 0xb
 1206 0076 27       		.uleb128 0x27
 1207 0077 19       		.uleb128 0x19
 1208 0078 11       		.uleb128 0x11
 1209 0079 01       		.uleb128 0x1
 1210 007a 12       		.uleb128 0x12
 1211 007b 06       		.uleb128 0x6
 1212 007c 40       		.uleb128 0x40
 1213 007d 18       		.uleb128 0x18
 1214 007e 9642     		.uleb128 0x2116
 1215 0080 19       		.uleb128 0x19
 1216 0081 01       		.uleb128 0x1
 1217 0082 13       		.uleb128 0x13
 1218 0083 00       		.byte	0
 1219 0084 00       		.byte	0
 1220 0085 0B       		.uleb128 0xb
 1221 0086 05       		.uleb128 0x5
 1222 0087 00       		.byte	0
 1223 0088 03       		.uleb128 0x3
 1224 0089 08       		.uleb128 0x8
 1225 008a 3A       		.uleb128 0x3a
 1226 008b 0B       		.uleb128 0xb
 1227 008c 3B       		.uleb128 0x3b
 1228 008d 0B       		.uleb128 0xb
 1229 008e 49       		.uleb128 0x49
 1230 008f 13       		.uleb128 0x13
 1231 0090 02       		.uleb128 0x2
 1232 0091 18       		.uleb128 0x18
 1233 0092 00       		.byte	0
 1234 0093 00       		.byte	0
 1235 0094 0C       		.uleb128 0xc
 1236 0095 05       		.uleb128 0x5
 1237 0096 00       		.byte	0
 1238 0097 03       		.uleb128 0x3
 1239 0098 0E       		.uleb128 0xe
 1240 0099 3A       		.uleb128 0x3a
 1241 009a 0B       		.uleb128 0xb
 1242 009b 3B       		.uleb128 0x3b
 1243 009c 0B       		.uleb128 0xb
 1244 009d 49       		.uleb128 0x49
 1245 009e 13       		.uleb128 0x13
 1246 009f 02       		.uleb128 0x2
 1247 00a0 18       		.uleb128 0x18
 1248 00a1 00       		.byte	0
ARM GAS  C:\Users\MARLOK~1\AppData\Local\Temp\ccEjZZ6I.s 			page 30


 1249 00a2 00       		.byte	0
 1250 00a3 0D       		.uleb128 0xd
 1251 00a4 0F       		.uleb128 0xf
 1252 00a5 00       		.byte	0
 1253 00a6 0B       		.uleb128 0xb
 1254 00a7 0B       		.uleb128 0xb
 1255 00a8 49       		.uleb128 0x49
 1256 00a9 13       		.uleb128 0x13
 1257 00aa 00       		.byte	0
 1258 00ab 00       		.byte	0
 1259 00ac 0E       		.uleb128 0xe
 1260 00ad 26       		.uleb128 0x26
 1261 00ae 00       		.byte	0
 1262 00af 00       		.byte	0
 1263 00b0 00       		.byte	0
 1264 00b1 0F       		.uleb128 0xf
 1265 00b2 2E       		.uleb128 0x2e
 1266 00b3 01       		.byte	0x1
 1267 00b4 03       		.uleb128 0x3
 1268 00b5 0E       		.uleb128 0xe
 1269 00b6 3A       		.uleb128 0x3a
 1270 00b7 0B       		.uleb128 0xb
 1271 00b8 3B       		.uleb128 0x3b
 1272 00b9 0B       		.uleb128 0xb
 1273 00ba 27       		.uleb128 0x27
 1274 00bb 19       		.uleb128 0x19
 1275 00bc 11       		.uleb128 0x11
 1276 00bd 01       		.uleb128 0x1
 1277 00be 12       		.uleb128 0x12
 1278 00bf 06       		.uleb128 0x6
 1279 00c0 40       		.uleb128 0x40
 1280 00c1 18       		.uleb128 0x18
 1281 00c2 9742     		.uleb128 0x2117
 1282 00c4 19       		.uleb128 0x19
 1283 00c5 01       		.uleb128 0x1
 1284 00c6 13       		.uleb128 0x13
 1285 00c7 00       		.byte	0
 1286 00c8 00       		.byte	0
 1287 00c9 10       		.uleb128 0x10
 1288 00ca 34       		.uleb128 0x34
 1289 00cb 00       		.byte	0
 1290 00cc 03       		.uleb128 0x3
 1291 00cd 08       		.uleb128 0x8
 1292 00ce 3A       		.uleb128 0x3a
 1293 00cf 0B       		.uleb128 0xb
 1294 00d0 3B       		.uleb128 0x3b
 1295 00d1 0B       		.uleb128 0xb
 1296 00d2 49       		.uleb128 0x49
 1297 00d3 13       		.uleb128 0x13
 1298 00d4 02       		.uleb128 0x2
 1299 00d5 18       		.uleb128 0x18
 1300 00d6 00       		.byte	0
 1301 00d7 00       		.byte	0
 1302 00d8 11       		.uleb128 0x11
 1303 00d9 0B       		.uleb128 0xb
 1304 00da 01       		.byte	0x1
 1305 00db 11       		.uleb128 0x11
ARM GAS  C:\Users\MARLOK~1\AppData\Local\Temp\ccEjZZ6I.s 			page 31


 1306 00dc 01       		.uleb128 0x1
 1307 00dd 12       		.uleb128 0x12
 1308 00de 06       		.uleb128 0x6
 1309 00df 00       		.byte	0
 1310 00e0 00       		.byte	0
 1311 00e1 12       		.uleb128 0x12
 1312 00e2 34       		.uleb128 0x34
 1313 00e3 00       		.byte	0
 1314 00e4 03       		.uleb128 0x3
 1315 00e5 0E       		.uleb128 0xe
 1316 00e6 3A       		.uleb128 0x3a
 1317 00e7 0B       		.uleb128 0xb
 1318 00e8 3B       		.uleb128 0x3b
 1319 00e9 0B       		.uleb128 0xb
 1320 00ea 49       		.uleb128 0x49
 1321 00eb 13       		.uleb128 0x13
 1322 00ec 02       		.uleb128 0x2
 1323 00ed 18       		.uleb128 0x18
 1324 00ee 00       		.byte	0
 1325 00ef 00       		.byte	0
 1326 00f0 13       		.uleb128 0x13
 1327 00f1 26       		.uleb128 0x26
 1328 00f2 00       		.byte	0
 1329 00f3 49       		.uleb128 0x49
 1330 00f4 13       		.uleb128 0x13
 1331 00f5 00       		.byte	0
 1332 00f6 00       		.byte	0
 1333 00f7 14       		.uleb128 0x14
 1334 00f8 2E       		.uleb128 0x2e
 1335 00f9 00       		.byte	0
 1336 00fa 03       		.uleb128 0x3
 1337 00fb 0E       		.uleb128 0xe
 1338 00fc 3A       		.uleb128 0x3a
 1339 00fd 0B       		.uleb128 0xb
 1340 00fe 3B       		.uleb128 0x3b
 1341 00ff 0B       		.uleb128 0xb
 1342 0100 27       		.uleb128 0x27
 1343 0101 19       		.uleb128 0x19
 1344 0102 11       		.uleb128 0x11
 1345 0103 01       		.uleb128 0x1
 1346 0104 12       		.uleb128 0x12
 1347 0105 06       		.uleb128 0x6
 1348 0106 40       		.uleb128 0x40
 1349 0107 18       		.uleb128 0x18
 1350 0108 9642     		.uleb128 0x2116
 1351 010a 19       		.uleb128 0x19
 1352 010b 00       		.byte	0
 1353 010c 00       		.byte	0
 1354 010d 15       		.uleb128 0x15
 1355 010e 2E       		.uleb128 0x2e
 1356 010f 00       		.byte	0
 1357 0110 03       		.uleb128 0x3
 1358 0111 0E       		.uleb128 0xe
 1359 0112 3A       		.uleb128 0x3a
 1360 0113 0B       		.uleb128 0xb
 1361 0114 3B       		.uleb128 0x3b
 1362 0115 05       		.uleb128 0x5
ARM GAS  C:\Users\MARLOK~1\AppData\Local\Temp\ccEjZZ6I.s 			page 32


 1363 0116 27       		.uleb128 0x27
 1364 0117 19       		.uleb128 0x19
 1365 0118 11       		.uleb128 0x11
 1366 0119 01       		.uleb128 0x1
 1367 011a 12       		.uleb128 0x12
 1368 011b 06       		.uleb128 0x6
 1369 011c 40       		.uleb128 0x40
 1370 011d 18       		.uleb128 0x18
 1371 011e 9742     		.uleb128 0x2117
 1372 0120 19       		.uleb128 0x19
 1373 0121 00       		.byte	0
 1374 0122 00       		.byte	0
 1375 0123 16       		.uleb128 0x16
 1376 0124 2E       		.uleb128 0x2e
 1377 0125 01       		.byte	0x1
 1378 0126 3F       		.uleb128 0x3f
 1379 0127 19       		.uleb128 0x19
 1380 0128 03       		.uleb128 0x3
 1381 0129 0E       		.uleb128 0xe
 1382 012a 3A       		.uleb128 0x3a
 1383 012b 0B       		.uleb128 0xb
 1384 012c 3B       		.uleb128 0x3b
 1385 012d 05       		.uleb128 0x5
 1386 012e 27       		.uleb128 0x27
 1387 012f 19       		.uleb128 0x19
 1388 0130 11       		.uleb128 0x11
 1389 0131 01       		.uleb128 0x1
 1390 0132 12       		.uleb128 0x12
 1391 0133 06       		.uleb128 0x6
 1392 0134 40       		.uleb128 0x40
 1393 0135 18       		.uleb128 0x18
 1394 0136 9642     		.uleb128 0x2116
 1395 0138 19       		.uleb128 0x19
 1396 0139 01       		.uleb128 0x1
 1397 013a 13       		.uleb128 0x13
 1398 013b 00       		.byte	0
 1399 013c 00       		.byte	0
 1400 013d 17       		.uleb128 0x17
 1401 013e 34       		.uleb128 0x34
 1402 013f 00       		.byte	0
 1403 0140 03       		.uleb128 0x3
 1404 0141 0E       		.uleb128 0xe
 1405 0142 3A       		.uleb128 0x3a
 1406 0143 0B       		.uleb128 0xb
 1407 0144 3B       		.uleb128 0x3b
 1408 0145 05       		.uleb128 0x5
 1409 0146 49       		.uleb128 0x49
 1410 0147 13       		.uleb128 0x13
 1411 0148 02       		.uleb128 0x2
 1412 0149 18       		.uleb128 0x18
 1413 014a 00       		.byte	0
 1414 014b 00       		.byte	0
 1415 014c 18       		.uleb128 0x18
 1416 014d 13       		.uleb128 0x13
 1417 014e 01       		.byte	0x1
 1418 014f 0B       		.uleb128 0xb
 1419 0150 0B       		.uleb128 0xb
ARM GAS  C:\Users\MARLOK~1\AppData\Local\Temp\ccEjZZ6I.s 			page 33


 1420 0151 3A       		.uleb128 0x3a
 1421 0152 0B       		.uleb128 0xb
 1422 0153 3B       		.uleb128 0x3b
 1423 0154 05       		.uleb128 0x5
 1424 0155 01       		.uleb128 0x1
 1425 0156 13       		.uleb128 0x13
 1426 0157 00       		.byte	0
 1427 0158 00       		.byte	0
 1428 0159 19       		.uleb128 0x19
 1429 015a 0D       		.uleb128 0xd
 1430 015b 00       		.byte	0
 1431 015c 03       		.uleb128 0x3
 1432 015d 0E       		.uleb128 0xe
 1433 015e 3A       		.uleb128 0x3a
 1434 015f 0B       		.uleb128 0xb
 1435 0160 3B       		.uleb128 0x3b
 1436 0161 05       		.uleb128 0x5
 1437 0162 49       		.uleb128 0x49
 1438 0163 13       		.uleb128 0x13
 1439 0164 38       		.uleb128 0x38
 1440 0165 0B       		.uleb128 0xb
 1441 0166 00       		.byte	0
 1442 0167 00       		.byte	0
 1443 0168 1A       		.uleb128 0x1a
 1444 0169 01       		.uleb128 0x1
 1445 016a 01       		.byte	0x1
 1446 016b 49       		.uleb128 0x49
 1447 016c 13       		.uleb128 0x13
 1448 016d 01       		.uleb128 0x1
 1449 016e 13       		.uleb128 0x13
 1450 016f 00       		.byte	0
 1451 0170 00       		.byte	0
 1452 0171 1B       		.uleb128 0x1b
 1453 0172 21       		.uleb128 0x21
 1454 0173 00       		.byte	0
 1455 0174 49       		.uleb128 0x49
 1456 0175 13       		.uleb128 0x13
 1457 0176 2F       		.uleb128 0x2f
 1458 0177 0B       		.uleb128 0xb
 1459 0178 00       		.byte	0
 1460 0179 00       		.byte	0
 1461 017a 1C       		.uleb128 0x1c
 1462 017b 34       		.uleb128 0x34
 1463 017c 00       		.byte	0
 1464 017d 03       		.uleb128 0x3
 1465 017e 08       		.uleb128 0x8
 1466 017f 3A       		.uleb128 0x3a
 1467 0180 0B       		.uleb128 0xb
 1468 0181 3B       		.uleb128 0x3b
 1469 0182 05       		.uleb128 0x5
 1470 0183 49       		.uleb128 0x49
 1471 0184 13       		.uleb128 0x13
 1472 0185 02       		.uleb128 0x2
 1473 0186 18       		.uleb128 0x18
 1474 0187 00       		.byte	0
 1475 0188 00       		.byte	0
 1476 0189 00       		.byte	0
ARM GAS  C:\Users\MARLOK~1\AppData\Local\Temp\ccEjZZ6I.s 			page 34


 1477              		.section	.debug_aranges,"",%progbits
 1478 0000 4C000000 		.4byte	0x4c
 1479 0004 0200     		.2byte	0x2
 1480 0006 00000000 		.4byte	.Ldebug_info0
 1481 000a 04       		.byte	0x4
 1482 000b 00       		.byte	0
 1483 000c 0000     		.2byte	0
 1484 000e 0000     		.2byte	0
 1485 0010 00000000 		.4byte	.LFB1
 1486 0014 1E000000 		.4byte	.LFE1-.LFB1
 1487 0018 00000000 		.4byte	.LFB2
 1488 001c 20000000 		.4byte	.LFE2-.LFB2
 1489 0020 00000000 		.4byte	.LFB3
 1490 0024 20000000 		.4byte	.LFE3-.LFB3
 1491 0028 00000000 		.4byte	.LFB4
 1492 002c 82000000 		.4byte	.LFE4-.LFB4
 1493 0030 00000000 		.4byte	.LFB5
 1494 0034 B0000000 		.4byte	.LFE5-.LFB5
 1495 0038 00000000 		.4byte	.LFB6
 1496 003c 28000000 		.4byte	.LFE6-.LFB6
 1497 0040 B0000000 		.4byte	.LFB7
 1498 0044 90010000 		.4byte	.LFE7-.LFB7
 1499 0048 00000000 		.4byte	0
 1500 004c 00000000 		.4byte	0
 1501              		.section	.debug_ranges,"",%progbits
 1502              	.Ldebug_ranges0:
 1503 0000 00000000 		.4byte	.LFB1
 1504 0004 1E000000 		.4byte	.LFE1
 1505 0008 00000000 		.4byte	.LFB2
 1506 000c 20000000 		.4byte	.LFE2
 1507 0010 00000000 		.4byte	.LFB3
 1508 0014 20000000 		.4byte	.LFE3
 1509 0018 00000000 		.4byte	.LFB4
 1510 001c 82000000 		.4byte	.LFE4
 1511 0020 00000000 		.4byte	.LFB5
 1512 0024 B0000000 		.4byte	.LFE5
 1513 0028 00000000 		.4byte	.LFB6
 1514 002c 28000000 		.4byte	.LFE6
 1515 0030 B0000000 		.4byte	.LFB7
 1516 0034 40020000 		.4byte	.LFE7
 1517 0038 00000000 		.4byte	0
 1518 003c 00000000 		.4byte	0
 1519              		.section	.debug_line,"",%progbits
 1520              	.Ldebug_line0:
 1521 0000 9F010000 		.section	.debug_str,"MS",%progbits,1
 1521      0200CB00 
 1521      00000201 
 1521      FB0E0D00 
 1521      01010101 
 1522              	.LASF42:
 1523 0000 433A5C55 		.ascii	"C:\\Users\\marlokistvan\\Documents\\PSoC Creator\\t"
 1523      73657273 
 1523      5C6D6172 
 1523      6C6F6B69 
 1523      73747661 
 1524 002e 646D2E63 		.ascii	"dm.cydsn\000"
 1524      7964736E 
ARM GAS  C:\Users\MARLOK~1\AppData\Local\Temp\ccEjZZ6I.s 			page 35


 1524      00
 1525              	.LASF19:
 1526 0037 72656733 		.ascii	"reg32\000"
 1526      3200
 1527              	.LASF12:
 1528 003d 73697A65 		.ascii	"size_t\000"
 1528      5F7400
 1529              	.LASF33:
 1530 0044 416E616C 		.ascii	"AnalogSetDefault\000"
 1530      6F675365 
 1530      74446566 
 1530      61756C74 
 1530      00
 1531              	.LASF21:
 1532 0055 76616C75 		.ascii	"value\000"
 1532      6500
 1533              	.LASF31:
 1534 005b 636F756E 		.ascii	"count\000"
 1534      7400
 1535              	.LASF32:
 1536 0061 436C6F63 		.ascii	"ClockSetup\000"
 1536      6B536574 
 1536      757000
 1537              	.LASF34:
 1538 006c 63795F63 		.ascii	"cy_cfg_addr_table\000"
 1538      66675F61 
 1538      6464725F 
 1538      7461626C 
 1538      6500
 1539              	.LASF35:
 1540 007e 63795F63 		.ascii	"cy_cfg_data_table\000"
 1540      66675F64 
 1540      6174615F 
 1540      7461626C 
 1540      6500
 1541              	.LASF16:
 1542 0090 666C6F61 		.ascii	"float\000"
 1542      7400
 1543              	.LASF25:
 1544 0096 64657374 		.ascii	"dest\000"
 1544      00
 1545              	.LASF39:
 1546 009b 6366675F 		.ascii	"cfg_memset_list\000"
 1546      6D656D73 
 1546      65745F6C 
 1546      69737400 
 1547              	.LASF37:
 1548 00ab 73697A65 		.ascii	"size\000"
 1548      00
 1549              	.LASF18:
 1550 00b0 72656738 		.ascii	"reg8\000"
 1550      00
 1551              	.LASF8:
 1552 00b5 6C6F6E67 		.ascii	"long unsigned int\000"
 1552      20756E73 
 1552      69676E65 
 1552      6420696E 
ARM GAS  C:\Users\MARLOK~1\AppData\Local\Temp\ccEjZZ6I.s 			page 36


 1552      7400
 1553              	.LASF13:
 1554 00c7 75696E74 		.ascii	"uint8\000"
 1554      3800
 1555              	.LASF23:
 1556 00cd 43594D45 		.ascii	"CYMEMZERO\000"
 1556      4D5A4552 
 1556      4F00
 1557              	.LASF40:
 1558 00d7 474E5520 		.ascii	"GNU C11 5.4.1 20160609 (release) [ARM/embedded-5-br"
 1558      43313120 
 1558      352E342E 
 1558      31203230 
 1558      31363036 
 1559 010a 616E6368 		.ascii	"anch revision 237715] -mcpu=cortex-m0 -mthumb -g -O"
 1559      20726576 
 1559      6973696F 
 1559      6E203233 
 1559      37373135 
 1560 013d 30202D66 		.ascii	"0 -ffunction-sections -ffat-lto-objects\000"
 1560      66756E63 
 1560      74696F6E 
 1560      2D736563 
 1560      74696F6E 
 1561              	.LASF4:
 1562 0165 756E7369 		.ascii	"unsigned char\000"
 1562      676E6564 
 1562      20636861 
 1562      7200
 1563              	.LASF17:
 1564 0173 646F7562 		.ascii	"double\000"
 1564      6C6500
 1565              	.LASF27:
 1566 017a 6366675F 		.ascii	"cfg_write_bytes32\000"
 1566      77726974 
 1566      655F6279 
 1566      74657333 
 1566      3200
 1567              	.LASF43:
 1568 018c 63796669 		.ascii	"cyfitter_cfg\000"
 1568      74746572 
 1568      5F636667 
 1568      00
 1569              	.LASF28:
 1570 0199 61646472 		.ascii	"addr_table\000"
 1570      5F746162 
 1570      6C6500
 1571              	.LASF14:
 1572 01a4 75696E74 		.ascii	"uint16\000"
 1572      313600
 1573              	.LASF29:
 1574 01ab 64617461 		.ascii	"data_table\000"
 1574      5F746162 
 1574      6C6500
 1575              	.LASF15:
 1576 01b6 75696E74 		.ascii	"uint32\000"
 1576      333200
ARM GAS  C:\Users\MARLOK~1\AppData\Local\Temp\ccEjZZ6I.s 			page 37


 1577              	.LASF0:
 1578 01bd 756E7369 		.ascii	"unsigned int\000"
 1578      676E6564 
 1578      20696E74 
 1578      00
 1579              	.LASF36:
 1580 01ca 61646472 		.ascii	"address\000"
 1580      65737300 
 1581              	.LASF9:
 1582 01d2 6C6F6E67 		.ascii	"long long unsigned int\000"
 1582      206C6F6E 
 1582      6720756E 
 1582      7369676E 
 1582      65642069 
 1583              	.LASF38:
 1584 01e9 6366675F 		.ascii	"cfg_memset_t\000"
 1584      6D656D73 
 1584      65745F74 
 1584      00
 1585              	.LASF30:
 1586 01f6 62617365 		.ascii	"baseAddr\000"
 1586      41646472 
 1586      00
 1587              	.LASF10:
 1588 01ff 73697A65 		.ascii	"sizetype\000"
 1588      74797065 
 1588      00
 1589              	.LASF6:
 1590 0208 73686F72 		.ascii	"short unsigned int\000"
 1590      7420756E 
 1590      7369676E 
 1590      65642069 
 1590      6E7400
 1591              	.LASF1:
 1592 021b 6C6F6E67 		.ascii	"long long int\000"
 1592      206C6F6E 
 1592      6720696E 
 1592      7400
 1593              	.LASF11:
 1594 0229 63686172 		.ascii	"char\000"
 1594      00
 1595              	.LASF22:
 1596 022e 63795F63 		.ascii	"cy_cfg_addrvalue_t\000"
 1596      66675F61 
 1596      64647276 
 1596      616C7565 
 1596      5F7400
 1597              	.LASF20:
 1598 0241 6F666673 		.ascii	"offset\000"
 1598      657400
 1599              	.LASF5:
 1600 0248 73686F72 		.ascii	"short int\000"
 1600      7420696E 
 1600      7400
 1601              	.LASF7:
 1602 0252 6C6F6E67 		.ascii	"long int\000"
 1602      20696E74 
ARM GAS  C:\Users\MARLOK~1\AppData\Local\Temp\ccEjZZ6I.s 			page 38


 1602      00
 1603              	.LASF2:
 1604 025b 6C6F6E67 		.ascii	"long double\000"
 1604      20646F75 
 1604      626C6500 
 1605              	.LASF3:
 1606 0267 7369676E 		.ascii	"signed char\000"
 1606      65642063 
 1606      68617200 
 1607              	.LASF41:
 1608 0273 47656E65 		.ascii	"Generated_Source\\PSoC4\\cyfitter_cfg.c\000"
 1608      72617465 
 1608      645F536F 
 1608      75726365 
 1608      5C50536F 
 1609              	.LASF26:
 1610 0299 4359434F 		.ascii	"CYCONFIGCPYCODE\000"
 1610      4E464947 
 1610      43505943 
 1610      4F444500 
 1611              	.LASF24:
 1612 02a9 4359434F 		.ascii	"CYCONFIGCPY\000"
 1612      4E464947 
 1612      43505900 
 1613              		.ident	"GCC: (GNU Tools for ARM Embedded Processors) 5.4.1 20160609 (release) [ARM/embedded-5-bran
